 odm.player.net

 Timestamp is 5c9228cc (Wed Mar 20 20:49:32 2019)

 Preferred load address is 10000000

 Start         Length     Name                   Class
 0001:00000000 00000517H .text$di                CODE
 0001:00000520 00017e6aH .text$mn                CODE
 0001:0001838a 00000f79H .text$x                 CODE
 0001:00019304 00000021H .text$yd                CODE
 0002:00000000 000001e8H .idata$5                DATA
 0002:000001e8 00000004H .CRT$XCA                DATA
 0002:000001ec 00000060H .CRT$XCU                DATA
 0002:0000024c 00000004H .CRT$XCZ                DATA
 0002:00000250 00000004H .CRT$XIA                DATA
 0002:00000254 00000004H .CRT$XIAA               DATA
 0002:00000258 00000004H .CRT$XIC                DATA
 0002:0000025c 00000004H .CRT$XIZ                DATA
 0002:00000260 00000004H .CRTMA$XCA              DATA
 0002:00000264 0000001cH .CRTMA$XCC              DATA
 0002:00000280 00000004H .CRTMA$XCZ              DATA
 0002:00000284 00000004H .CRTMP$XCA              DATA
 0002:00000288 0000000cH .CRTMP$XCU              DATA
 0002:00000294 00000004H .CRTMP$XCZ              DATA
 0002:00000298 00000004H .CRTVT$XCA              DATA
 0002:0000029c 00000004H .CRTVT$XCZ              DATA
 0002:000002a0 0000d7b0H .rdata                  DATA
 0002:0000da50 000000b8H .rdata$ilfixup          DATA
 0002:0000db08 00002a68H .rdata$r                DATA
 0002:00010570 00000158H .rdata$sxdata           DATA
 0002:000106c8 00000004H .rtc$IAA                DATA
 0002:000106cc 00000004H .rtc$IZZ                DATA
 0002:000106d0 00000004H .rtc$TAA                DATA
 0002:000106d4 00000004H .rtc$TZZ                DATA
 0002:000106d8 00001380H .xdata$x                DATA
 0002:00011a58 00000000H .edata                  DATA
 0002:00011a58 000000b4H .idata$2                DATA
 0002:00011b0c 00000014H .idata$3                DATA
 0002:00011b20 000001e8H .idata$4                DATA
 0002:00011d08 000005baH .idata$6                DATA
 0003:00000000 000049e0H .data                   DATA
 0003:000049e0 00001bf7H .data$r                 DATA
 0003:000065e0 00001384H .bss                    DATA
 0004:00000000 000000a0H .rsrc$01                DATA
 0004:000000a0 00000458H .rsrc$02                DATA

  Address         Publics by Value              Rva+Base       Lib:Object

 0000:00000000       ___guard_flags             00000000     <absolute>
 0000:00000000       __except_list              00000000     <absolute>
 0000:00000000       ___guard_fids_count        00000000     <absolute>
 0000:00000000       ___guard_fids_table        00000000     <absolute>
 0000:00000001       ?IsDefaultDomain@CurrentDomain@<CrtImplementationDetails>@@$$Q2_NA 00000001     <absolute>
 0000:00000004       ?InitializedPerProcess@CurrentDomain@<CrtImplementationDetails>@@$$Q2W4State@Progress@2@A 00000004     <absolute>
 0000:00000004       ?InitializedNative@CurrentDomain@<CrtImplementationDetails>@@$$Q2W4State@Progress@2@A 00000004     <absolute>
 0000:00000004       ?Uninitialized@CurrentDomain@<CrtImplementationDetails>@@$$Q2HA 00000004     <absolute>
 0000:00000004       ?__onexitbegin_app_domain@@$$Q3PAP6MXXZA 00000004     <absolute>
 0000:00000004       ?InitializedPerAppDomain@CurrentDomain@<CrtImplementationDetails>@@$$Q2W4State@Progress@2@A 00000004     <absolute>
 0000:00000004       ?InitializedVtables@CurrentDomain@<CrtImplementationDetails>@@$$Q2W4State@Progress@2@A 00000004     <absolute>
 0000:00000004       ?_lock@AtExitLock@<CrtImplementationDetails>@@$$Q0PAXA 00000004     <absolute>
 0000:00000004       ?_ref_count@AtExitLock@<CrtImplementationDetails>@@$$Q0HA 00000004     <absolute>
 0000:00000004       ?Initialized@CurrentDomain@<CrtImplementationDetails>@@$$Q2HA 00000004     <absolute>
 0000:00000004       ?__onexitend_app_domain@@$$Q3PAP6MXXZA 00000004     <absolute>
 0000:00000004       ?__exit_list_size_app_domain@@$$Q3IA 00000004     <absolute>
 0000:00000056       ___safe_se_handler_count   00000056     <absolute>
 0000:00009876       __ldused                   00009876     <absolute>
 0000:00009876       __fltused                  00009876     <absolute>
 0000:00000000       ___ImageBase               10000000     <linker-defined>
 0001:0000042c       ???__E?A0x5b000e18@DELAY_MINUTE@@YMXXZ@?A0x5b000e18@@$$FYMXXZ 1000142c f i libapi.obj
 0001:0000044c       ???__E?A0x5b000e18@DELAY_HOUR@@YMXXZ@?A0x5b000e18@@$$FYMXXZ 1000144c f i libapi.obj
 0001:0000046c       ???__E?A0x5b000e18@DELAY_DAY@@YMXXZ@?A0x5b000e18@@$$FYMXXZ 1000146c f i libapi.obj
 0001:0000048c       ???__E?Initialized@CurrentDomain@<CrtImplementationDetails>@@$$Q2HA@@YMXXZ@?A0xd2508fec@@$$FYMXXZ 1000148c f i msvcmrt:mstartup.obj
 0001:000004a0       ???__E?Uninitialized@CurrentDomain@<CrtImplementationDetails>@@$$Q2HA@@YMXXZ@?A0xd2508fec@@$$FYMXXZ 100014a0 f i msvcmrt:mstartup.obj
 0001:000004b4       ???__E?IsDefaultDomain@CurrentDomain@<CrtImplementationDetails>@@$$Q2_NA@@YMXXZ@?A0xd2508fec@@$$FYMXXZ 100014b4 f i msvcmrt:mstartup.obj
 0001:000004c8       ???__E?InitializedVtables@CurrentDomain@<CrtImplementationDetails>@@$$Q2W4State@Progress@2@A@@YMXXZ@?A0xd2508fec@@$$FYMXXZ 100014c8 f i msvcmrt:mstartup.obj
 0001:000004dc       ???__E?InitializedNative@CurrentDomain@<CrtImplementationDetails>@@$$Q2W4State@Progress@2@A@@YMXXZ@?A0xd2508fec@@$$FYMXXZ 100014dc f i msvcmrt:mstartup.obj
 0001:000004f0       ???__E?InitializedPerProcess@CurrentDomain@<CrtImplementationDetails>@@$$Q2W4State@Progress@2@A@@YMXXZ@?A0xd2508fec@@$$FYMXXZ 100014f0 f i msvcmrt:mstartup.obj
 0001:00000504       ???__E?InitializedPerAppDomain@CurrentDomain@<CrtImplementationDetails>@@$$Q2W4State@Progress@2@A@@YMXXZ@?A0xd2508fec@@$$FYMXXZ 10001504 f i msvcmrt:mstartup.obj
 0001:00000520       ?Dispose@VideoDecoder@onvifmp@@MAEXXZ 10001520 f i odm-player:Live555.obj
 0001:00000520       ??3@YAXPAX0@Z              10001520 f i live555:NetInterface.obj
 0001:00000520       ?Dispose@MetadataCollector@onvifmp@@MAEXXZ 10001520 f i odm-player:MetadataCollector.obj
 0001:00000520       ?Dispose@VideoRenderer@onvifmp@@MAEXXZ 10001520 f i odm-player:Live555.obj
 0001:00000521       ?default_error_condition@error_category@std@@UBE?AVerror_condition@2@H@Z 10001521 f i live555:NetInterface.obj
 0001:00000533       ?equivalent@error_category@std@@UBE_NHABVerror_condition@2@@Z 10001533 f i live555:NetInterface.obj
 0001:00000562       ?equivalent@error_category@std@@UBE_NABVerror_code@2@H@Z 10001562 f i live555:NetInterface.obj
 0001:0000057f       ?name@_Generic_error_category@std@@UBEPBDXZ 1000157f f i live555:NetInterface.obj
 0001:00000585       ?message@_Generic_error_category@std@@UBE?AV?$basic_string@DU?$char_traits@D@std@@V?$allocator@D@2@@2@H@Z 10001585 f i live555:NetInterface.obj
 0001:000005b3       ?name@_Iostream_error_category@std@@UBEPBDXZ 100015b3 f i live555:NetInterface.obj
 0001:000005b9       ?message@_Iostream_error_category@std@@UBE?AV?$basic_string@DU?$char_traits@D@std@@V?$allocator@D@2@@2@H@Z 100015b9 f i live555:NetInterface.obj
 0001:000005ea       ?name@_System_error_category@std@@UBEPBDXZ 100015ea f i live555:NetInterface.obj
 0001:000005f0       ?message@_System_error_category@std@@UBE?AV?$basic_string@DU?$char_traits@D@std@@V?$allocator@D@2@@2@H@Z 100015f0 f i live555:NetInterface.obj
 0001:0000061e       ?default_error_condition@_System_error_category@std@@UBE?AVerror_condition@2@H@Z 1000161e f i live555:NetInterface.obj
 0001:0000064b       ??_ENetInterface@@UAEPAXI@Z 1000164b f i * CIL library *:* CIL module *
 0001:0000064b       ??_GNetInterface@@UAEPAXI@Z 1000164b f i live555:NetInterface.obj
 0001:0000066b       ??1NetInterface@@UAE@XZ    1000166b f   live555:NetInterface.obj
 0001:00000672       ??_EDirectedNetInterfaceSet@@UAEPAXI@Z 10001672 f i * CIL library *:* CIL module *
 0001:00000672       ??_GDirectedNetInterfaceSet@@UAEPAXI@Z 10001672 f i live555:NetInterface.obj
 0001:00000691       ??1DirectedNetInterfaceSet@@UAE@XZ 10001691 f   live555:NetInterface.obj
 0001:000006a5       ??_EIterator@DirectedNetInterfaceSet@@UAEPAXI@Z 100016a5 f i * CIL library *:* CIL module *
 0001:000006a5       ??_GIterator@DirectedNetInterfaceSet@@UAEPAXI@Z 100016a5 f i live555:NetInterface.obj
 0001:000006c4       ??1Iterator@DirectedNetInterfaceSet@@UAE@XZ 100016c4 f   live555:NetInterface.obj
 0001:000006d8       ??0Socket@@IAE@AAVUsageEnvironment@@VPort@@@Z 100016d8 f   live555:NetInterface.obj
 0001:00000721       ??_GSocket@@UAEPAXI@Z      10001721 f i live555:NetInterface.obj
 0001:00000721       ??_ESocket@@UAEPAXI@Z      10001721 f i * CIL library *:* CIL module *
 0001:00000740       ??1Socket@@UAE@XZ          10001740 f   live555:NetInterface.obj
 0001:0000075a       ?changePort@Socket@@IAE_NVPort@@@Z 1000175a f   live555:NetInterface.obj
 0001:000007b0       ??0?$basic_string@DU?$char_traits@D@std@@V?$allocator@D@2@@std@@QAE@PBD@Z 100017b0 f i live555:NetInterface.obj
 0001:000007eb       ?assign@?$basic_string@DU?$char_traits@D@std@@V?$allocator@D@2@@std@@QAEAAV12@ABV12@II@Z 100017eb f i live555:NetInterface.obj
 0001:0000088d       ?_Tidy@?$basic_string@DU?$char_traits@D@std@@V?$allocator@D@2@@std@@QAEX_NI@Z 1000188d f i live555:NetInterface.obj
 0001:000008d1       ?assign@?$basic_string@DU?$char_traits@D@std@@V?$allocator@D@2@@std@@QAEAAV12@PBDI@Z 100018d1 f i live555:NetInterface.obj
 0001:00000964       ?erase@?$basic_string@DU?$char_traits@D@std@@V?$allocator@D@2@@std@@QAEAAV12@II@Z 10001964 f i live555:NetInterface.obj
 0001:000009c3       ?_Grow@?$basic_string@DU?$char_traits@D@std@@V?$allocator@D@2@@std@@QAE_NI_N@Z 100019c3 f i live555:NetInterface.obj
 0001:00000a09       ?_Copy@?$basic_string@DU?$char_traits@D@std@@V?$allocator@D@2@@std@@QAEXII@Z 10001a09 f i live555:NetInterface.obj
 0001:00000af1       ?allocate@?$_Wrap_alloc@V?$allocator@D@std@@@std@@QAEPADI@Z 10001af1 f i live555:NetInterface.obj
 0001:00000b1c       ??8Timeval@@QBEHABV0@@Z    10001b1c f i live555:DelayQueue.obj
 0001:00000b43       ??PTimeval@@QBEHABV0@@Z    10001b43 f   live555:DelayQueue.obj
 0001:00000b64       ??ZTimeval@@QAEXABVDelayInterval@@@Z 10001b64 f   live555:DelayQueue.obj
 0001:00000b8e       ??D@YA?AVDelayInterval@@FABV0@@Z 10001b8e f   live555:DelayQueue.obj
 0001:00000b8e       ??D@$$FYA?AVDelayInterval@@FABV0@@Z 10001b8e f   * CIL library *:* CIL module *
 0001:00000bcb       ??0DelayQueueEntry@@IAE@VDelayInterval@@@Z 10001bcb f   live555:DelayQueue.obj
 0001:00000bfa       ??_GAlarmHandler@@UAEPAXI@Z 10001bfa f i live555:BasicTaskScheduler0.obj
 0001:00000bfa       ??_GDelayQueueEntry@@UAEPAXI@Z 10001bfa f i live555:DelayQueue.obj
 0001:00000bfa       ??_EDelayQueueEntry@@UAEPAXI@Z 10001bfa f i * CIL library *:* CIL module *
 0001:00000bfa       ??_EAlarmHandler@@UAEPAXI@Z 10001bfa f i * CIL library *:* CIL module *
 0001:00000c1a       ??1DelayQueueEntry@@UAE@XZ 10001c1a f   live555:DelayQueue.obj
 0001:00000c21       ?handleTimeout@DelayQueueEntry@@MAEXXZ 10001c21 f   live555:DelayQueue.obj
 0001:00000c2c       ??_GDelayQueue@@UAEPAXI@Z  10001c2c f i live555:DelayQueue.obj
 0001:00000c2c       ??_EDelayQueue@@UAEPAXI@Z  10001c2c f i * CIL library *:* CIL module *
 0001:00000c4b       ??1DelayQueue@@UAE@XZ      10001c4b f   live555:DelayQueue.obj
 0001:00000c8f       ?addEntry@DelayQueue@@QAEXPAVDelayQueueEntry@@@Z 10001c8f f   live555:DelayQueue.obj
 0001:00000cd9       ?removeEntry@DelayQueue@@QAEXPAVDelayQueueEntry@@@Z 10001cd9 f   live555:DelayQueue.obj
 0001:00000d1e       ?synchronize@DelayQueue@@AAEXXZ 10001d1e f   live555:DelayQueue.obj
 0001:00000ddd       ??_EBasicHashTable@@UAEPAXI@Z 10001ddd f i * CIL library *:* CIL module *
 0001:00000ddd       ??_GBasicHashTable@@UAEPAXI@Z 10001ddd f i live555:BasicHashTable.obj
 0001:00000dfc       ??1BasicHashTable@@UAE@XZ  10001dfc f   live555:BasicHashTable.obj
 0001:00000e42       ?Add@BasicHashTable@@EAEPAXPBDPAX@Z 10001e42 f   live555:BasicHashTable.obj
 0001:00000e8d       ?Remove@BasicHashTable@@EAE_NPBD@Z 10001e8d f   live555:BasicHashTable.obj
 0001:00000ebc       ?Lookup@BasicHashTable@@EBEPAXPBD@Z 10001ebc f   live555:BasicHashTable.obj
 0001:00000ed9       ?numEntries@BasicHashTable@@EBEIXZ 10001ed9 f   live555:BasicHashTable.obj
 0001:00000edd       ??_GIterator@HashTable@@UAEPAXI@Z 10001edd f i live555:HashTable.obj
 0001:00000edd       ??_EIterator@HashTable@@UAEPAXI@Z 10001edd f i * CIL library *:* CIL module *
 0001:00000edd       ??_EIterator@BasicHashTable@@UAEPAXI@Z 10001edd f i * CIL library *:* CIL module *
 0001:00000edd       ??_GIterator@BasicHashTable@@UAEPAXI@Z 10001edd f i live555:BasicHashTable.obj
 0001:00000efd       ?next@Iterator@BasicHashTable@@EAEPAXAAPBD@Z 10001efd f   live555:BasicHashTable.obj
 0001:00000f45       ?create@HashTable@@SAPAV1@H@Z 10001f45 f   live555:BasicHashTable.obj
 0001:00000f96       ?create@Iterator@HashTable@@SAPAV12@ABV2@@Z 10001f96 f   live555:BasicHashTable.obj
 0001:00000fbd       ?lookupKey@BasicHashTable@@ABEPAVTableEntry@1@PBDAAI@Z 10001fbd f   live555:BasicHashTable.obj
 0001:00000ff8       ?keyMatches@BasicHashTable@@ABE_NPBD0@Z 10001ff8 f   live555:BasicHashTable.obj
 0001:00001070       ?insertNewEntry@BasicHashTable@@AAEPAVTableEntry@1@IPBD@Z 10002070 f   live555:BasicHashTable.obj
 0001:000010ba       ?assignKey@BasicHashTable@@AAEXPAVTableEntry@1@PBD@Z 100020ba f   live555:BasicHashTable.obj
 0001:0000112e       ?deleteEntry@BasicHashTable@@AAEXIPAVTableEntry@1@@Z 1000212e f   live555:BasicHashTable.obj
 0001:00001177       ?rebuild@BasicHashTable@@AAEXXZ 10002177 f   live555:BasicHashTable.obj
 0001:0000122c       ?hashIndexFromKey@BasicHashTable@@ABEIPBD@Z 1000222c f   live555:BasicHashTable.obj
 0001:00001287       ??1NoReuse@@QAE@XZ         10002287 f   live555:GroupsockHelper.obj
 0001:000012a0       ?groupsockPriv@@YAPAU_groupsockPriv@@AAVUsageEnvironment@@@Z 100022a0 f   live555:GroupsockHelper.obj
 0001:000012c4       ?reclaimGroupsockPriv@@YAXAAVUsageEnvironment@@@Z 100022c4 f   live555:GroupsockHelper.obj
 0001:000012e2       ?setupDatagramSocket@@YAHAAVUsageEnvironment@@VPort@@@Z 100022e2 f   live555:GroupsockHelper.obj
 0001:00001426       ?makeSocketNonBlocking@@YA_NH@Z 10002426 f   live555:GroupsockHelper.obj
 0001:0000144a       ?setupStreamSocket@@YAHAAVUsageEnvironment@@VPort@@_N@Z 1000244a f   live555:GroupsockHelper.obj
 0001:00001567       ?readSocket@@YAHAAVUsageEnvironment@@HPAEIAAUsockaddr_in@@@Z 10002567 f   live555:GroupsockHelper.obj
 0001:000015d6       ?writeSocket@@YA_NAAVUsageEnvironment@@HUin_addr@@VPort@@EPAEI@Z 100025d6 f   live555:GroupsockHelper.obj
 0001:00001737       ?socketJoinGroup@@YA_NAAVUsageEnvironment@@HI@Z 10002737 f   live555:GroupsockHelper.obj
 0001:00001797       ?socketLeaveGroup@@YA_NAAVUsageEnvironment@@HI@Z 10002797 f   live555:GroupsockHelper.obj
 0001:0000182d       ?getSourcePort@@YA_NAAVUsageEnvironment@@HAAVPort@@@Z 1000282d f   live555:GroupsockHelper.obj
 0001:000018e2       ?ourIPAddress@@YAIAAVUsageEnvironment@@@Z 100028e2 f   live555:GroupsockHelper.obj
 0001:00001b73       ?timestampString@@YAPBDXZ  10002b73 f   live555:GroupsockHelper.obj
 0001:00001bd9       ?gettimeofday@@YAHPAUtimeval@@PAH@Z 10002bd9 f   live555:GroupsockHelper.obj
 0001:00001d2f       ??_EHashTable@@UAEPAXI@Z   10002d2f f i * CIL library *:* CIL module *
 0001:00001d2f       ??_GHashTable@@UAEPAXI@Z   10002d2f f i live555:HashTable.obj
 0001:00001d4f       ?RemoveNext@HashTable@@QAEPAXXZ 10002d4f f   live555:HashTable.obj
 0001:00001d8b       ?strDup@@YAPADPBD@Z        10002d8b f   live555:strDup.obj
 0001:00001dc6       ?strDupSize@@YAPADPBD@Z    10002dc6 f   live555:strDup.obj
 0001:00001de5       _initializeWinsockIfNecessary 10002de5 f   live555:inet.obj
 0001:00001e72       _our_srandom               10002e72 f   live555:inet.obj
 0001:00001eb1       _our_random                10002eb1 f   live555:inet.obj
 0001:00001f11       _our_random32              10002f11 f   live555:inet.obj
 0001:00001f33       ??_ENetAddress@@UAEPAXI@Z  10002f33 f i * CIL library *:* CIL module *
 0001:00001f33       ??_GNetAddress@@UAEPAXI@Z  10002f33 f i live555:NetAddress.obj
 0001:00001f52       ??0NetAddress@@QAE@I@Z     10002f52 f   live555:NetAddress.obj
 0001:00001f8b       ??1NetAddress@@UAE@XZ      10002f8b f   live555:NetAddress.obj
 0001:00001fa7       ?assign@NetAddress@@AAEXPBEI@Z 10002fa7 f   live555:NetAddress.obj
 0001:00001fe7       ??0NetAddressList@@QAE@PBD@Z 10002fe7 f   live555:NetAddress.obj
 0001:00002128       ??_ENetAddressList@@UAEPAXI@Z 10003128 f i * CIL library *:* CIL module *
 0001:00002128       ??_GNetAddressList@@UAEPAXI@Z 10003128 f i live555:NetAddress.obj
 0001:0000214d       ??1NetAddressList@@UAE@XZ  1000314d f   live555:NetAddress.obj
 0001:00002158       ?clean@NetAddressList@@AAEXXZ 10003158 f   live555:NetAddress.obj
 0001:0000218b       ?Lookup@AddressPortLookupTable@@QAEPAXIIVPort@@@Z 1000318b f   live555:NetAddress.obj
 0001:000021ca       ??_EIterator@AddressPortLookupTable@@UAEPAXI@Z 100031ca f i * CIL library *:* CIL module *
 0001:000021ca       ??_GIterator@AddressPortLookupTable@@UAEPAXI@Z 100031ca f i live555:NetAddress.obj
 0001:000021e9       ??1Iterator@AddressPortLookupTable@@UAE@XZ 100031e9 f   live555:NetAddress.obj
 0001:000021fd       ?IsMulticastAddress@@YA_NI@Z 100031fd f   live555:NetAddress.obj
 0001:00002214       ??_EAddressString@@UAEPAXI@Z 10003214 f i * CIL library *:* CIL module *
 0001:00002214       ??_GAddressString@@UAEPAXI@Z 10003214 f i live555:NetAddress.obj
 0001:00002233       ?init@AddressString@@AAEXI@Z 10003233 f   live555:NetAddress.obj
 0001:00002281       ??1AddressString@@UAE@XZ   10003281 f   live555:NetAddress.obj
 0001:00002291       ??1_Ref_count_base@std@@UAE@XZ 10003291 f i odm-player:MetadataCollector.obj
 0001:00002298       ?_Decref@_Ref_count_base@std@@QAEXXZ 10003298 f i odm-player:MetadataCollector.obj
 0001:000022c4       ?_Get_deleter@_Ref_count_base@std@@UBEPAXABVtype_info@@@Z 100032c4 f i odm-player:MetadataCollector.obj
 0001:000022c9       ?Create@MetadataCollector@onvifmp@@SA?AV?$function@$$A6A?AV?$shared_ptr@VMetadataCollector@onvifmp@@@std@@PAVVirtualSink@onvifmp@@@Z@std@@XZ 100032c9 f   odm-player:MetadataCollector.obj
 0001:00002346       ?ProcessFrame@MetadataCollector@onvifmp@@MAEXPAEHUtimeval@@I@Z 10003346 f   odm-player:MetadataCollector.obj
 0001:000023b3       ??1?$function@$$A6AXPAXH_NH@Z@std@@QAE@XZ 100033b3 f i odm-player:MetadataCollector.obj
 0001:000023c3       ??4?$function@$$A6AXPAXH_NH@Z@std@@QAEAAV01@AAV01@@Z 100033c3 f i odm-player:MetadataCollector.obj
 0001:000023fa       ??1?$function@$$A6A?AV?$shared_ptr@VIFrameProcessor@onvifmp@@@std@@PAVVirtualSink@onvifmp@@@Z@std@@QAE@XZ 100033fa f i odm-player:Live555.obj
 0001:000023fa       ??1?$function@$$A6A?AV?$shared_ptr@VMetadataCollector@onvifmp@@@std@@PAVVirtualSink@onvifmp@@@Z@std@@QAE@XZ 100033fa f i odm-player:MetadataCollector.obj
 0001:000023fa       ??1?$function@$$A6A?AV?$shared_ptr@VVideoDecoder@onvifmp@@@std@@PAVVirtualSink@onvifmp@@@Z@std@@QAE@XZ 100033fa f i odm-player:Live555.obj
 0001:000023fa       ??1?$function@$$A6A?AV?$shared_ptr@VIVideoRenderer@onvifmp@@@std@@PAVVideoDecoder@onvifmp@@@Z@std@@QAE@XZ 100033fa f i odm-player:Live555.obj
 0001:0000241e       ??0?$shared_ptr@VMetadataCollector@onvifmp@@@std@@QAE@$$QAV01@@Z 1000341e f i odm-player:MetadataCollector.obj
 0001:0000241e       ??0?$shared_ptr@VVideoDecoder@onvifmp@@@std@@QAE@$$QAV01@@Z 1000341e f i odm-player:Live555.obj
 0001:0000244d       ??1?$shared_ptr@VVideoRenderer@onvifmp@@@std@@QAE@XZ 1000344d f i odm-player:Live555.obj
 0001:0000244d       ??1?$shared_ptr@VIFrameProcessor@onvifmp@@@std@@QAE@XZ 1000344d f i odm-player:Live555.obj
 0001:0000244d       ??1?$shared_ptr@VVideoDecoder@onvifmp@@@std@@QAE@XZ 1000344d f i odm-player:Live555.obj
 0001:0000244d       ??1?$shared_ptr@VMetadataCollector@onvifmp@@@std@@QAE@XZ 1000344d f i odm-player:MetadataCollector.obj
 0001:0000244d       ??1?$shared_ptr@VVideoBuffer@onvifmp@@@std@@QAE@XZ 1000344d f i odm-player:Live555.obj
 0001:00002459       ??1?$_Func_class@XPAXH_NH@std@@QAE@XZ 10003459 f i odm-player:MetadataCollector.obj
 0001:0000245e       ??1?$_Func_class@V?$shared_ptr@VVideoDecoder@onvifmp@@@std@@PAVVirtualSink@onvifmp@@@std@@QAE@XZ 1000345e f i odm-player:Live555.obj
 0001:0000245e       ??1?$_Func_class@V?$shared_ptr@VIVideoRenderer@onvifmp@@@std@@PAVVideoDecoder@onvifmp@@@std@@QAE@XZ 1000345e f i odm-player:Live555.obj
 0001:0000245e       ??1?$_Func_class@V?$shared_ptr@VMetadataCollector@onvifmp@@@std@@PAVVirtualSink@onvifmp@@@std@@QAE@XZ 1000345e f i odm-player:MetadataCollector.obj
 0001:0000245e       ?_Tidy@?$_Func_class@XPAXH_NH@std@@IAEXXZ 1000345e f i odm-player:MetadataCollector.obj
 0001:0000245e       ??1?$_Func_class@V?$shared_ptr@VIFrameProcessor@onvifmp@@@std@@PAVVirtualSink@onvifmp@@@std@@QAE@XZ 1000345e f i odm-player:Live555.obj
 0001:0000247c       ??_G?$_Func_base@V?$shared_ptr@VMetadataCollector@onvifmp@@@std@@PAVVirtualSink@onvifmp@@@std@@UAEPAXI@Z 1000347c f i odm-player:MetadataCollector.obj
 0001:0000247c       ??_G?$_Func_impl@U?$_Callable_obj@V<lambda_2f111f34529ba06998f18f1e2734b49b>@@$0A@@std@@V?$allocator@V?$_Func_class@V?$shared_ptr@VMetadataCollector@onvifmp@@@std@@PAVVirtualSink@onvifmp@@@std@@@2@V?$shared_ptr@VMetadataCollector@onvifmp@@@2@PAVVirtualSink@onvifmp@@@std@@UAEPAXI@Z 1000347c f i odm-player:MetadataCollector.obj
 0001:0000247c       ??_E?$_Func_base@V?$shared_ptr@VMetadataCollector@onvifmp@@@std@@PAVVirtualSink@onvifmp@@@std@@UAEPAXI@Z 1000347c f i * CIL library *:* CIL module *
 0001:0000247c       ??_E?$_Func_impl@U?$_Callable_obj@V<lambda_2f111f34529ba06998f18f1e2734b49b>@@$0A@@std@@V?$allocator@V?$_Func_class@V?$shared_ptr@VMetadataCollector@onvifmp@@@std@@PAVVirtualSink@onvifmp@@@std@@@2@V?$shared_ptr@VMetadataCollector@onvifmp@@@2@PAVVirtualSink@onvifmp@@@std@@UAEPAXI@Z 1000347c f i * CIL library *:* CIL module *
 0001:0000249c       ??$make_shared@VMetadataCollector@onvifmp@@$$$V@std@@YA?AV?$shared_ptr@VMetadataCollector@onvifmp@@@0@XZ 1000349c f i odm-player:MetadataCollector.obj
 0001:00002511       ?_Destroy@?$_Ref_count_obj@VMetadataCollector@onvifmp@@@std@@EAEXXZ 10003511 f i odm-player:MetadataCollector.obj
 0001:0000252b       ?_Delete_this@?$_Ref_count_obj@VVideoRenderer@onvifmp@@@std@@EAEXXZ 1000352b f i odm-player:Live555.obj
 0001:0000252b       ?_Delete_this@?$_Ref_count_obj@VVideoDecoder@onvifmp@@@std@@EAEXXZ 1000352b f i odm-player:Live555.obj
 0001:0000252b       ?_Delete_this@?$_Ref_count_obj@VMetadataCollector@onvifmp@@@std@@EAEXXZ 1000352b f i odm-player:MetadataCollector.obj
 0001:00002537       ??_E?$_Ref_count_obj@VMetadataCollector@onvifmp@@@std@@UAEPAXI@Z 10003537 f i * CIL library *:* CIL module *
 0001:00002537       ??_E?$_Ref_count_obj@VVideoRenderer@onvifmp@@@std@@UAEPAXI@Z 10003537 f i * CIL library *:* CIL module *
 0001:00002537       ??_G?$_Ref_count_obj@VVideoDecoder@onvifmp@@@std@@UAEPAXI@Z 10003537 f i odm-player:Live555.obj
 0001:00002537       ??_E?$_Ref_count_obj@VVideoDecoder@onvifmp@@@std@@UAEPAXI@Z 10003537 f i * CIL library *:* CIL module *
 0001:00002537       ??_G?$_Ref_count_obj@VVideoRenderer@onvifmp@@@std@@UAEPAXI@Z 10003537 f i odm-player:Live555.obj
 0001:00002537       ??_G?$_Ref_count_obj@VMetadataCollector@onvifmp@@@std@@UAEPAXI@Z 10003537 f i odm-player:MetadataCollector.obj
 0001:00002557       ?_Move@?$_Func_impl@U?$_Callable_obj@V<lambda_2f111f34529ba06998f18f1e2734b49b>@@$0A@@std@@V?$allocator@V?$_Func_class@V?$shared_ptr@VMetadataCollector@onvifmp@@@std@@PAVVirtualSink@onvifmp@@@std@@@2@V?$shared_ptr@VMetadataCollector@onvifmp@@@2@PAVVirtualSink@onvifmp@@@std@@UAEPAV?$_Func_base@V?$shared_ptr@VMetadataCollector@onvifmp@@@std@@PAVVirtualSink@onvifmp@@@2@PAX@Z 10003557 f i odm-player:MetadataCollector.obj
 0001:00002557       ?_Copy@?$_Func_impl@U?$_Callable_obj@V<lambda_2f111f34529ba06998f18f1e2734b49b>@@$0A@@std@@V?$allocator@V?$_Func_class@V?$shared_ptr@VMetadataCollector@onvifmp@@@std@@PAVVirtualSink@onvifmp@@@std@@@2@V?$shared_ptr@VMetadataCollector@onvifmp@@@2@PAVVirtualSink@onvifmp@@@std@@UAEPAV?$_Func_base@V?$shared_ptr@VMetadataCollector@onvifmp@@@std@@PAVVirtualSink@onvifmp@@@2@PAX@Z 10003557 f i odm-player:MetadataCollector.obj
 0001:00002588       ?_Do_call@?$_Func_impl@U?$_Callable_obj@V<lambda_2f111f34529ba06998f18f1e2734b49b>@@$0A@@std@@V?$allocator@V?$_Func_class@V?$shared_ptr@VMetadataCollector@onvifmp@@@std@@PAVVirtualSink@onvifmp@@@std@@@2@V?$shared_ptr@VMetadataCollector@onvifmp@@@2@PAVVirtualSink@onvifmp@@@std@@UAE?AV?$shared_ptr@VMetadataCollector@onvifmp@@@2@$$QAPAVVirtualSink@onvifmp@@@Z 10003588 f i odm-player:MetadataCollector.obj
 0001:000025a4       ?_Target_type@?$_Func_impl@U?$_Callable_obj@V<lambda_2f111f34529ba06998f18f1e2734b49b>@@$0A@@std@@V?$allocator@V?$_Func_class@V?$shared_ptr@VMetadataCollector@onvifmp@@@std@@PAVVirtualSink@onvifmp@@@std@@@2@V?$shared_ptr@VMetadataCollector@onvifmp@@@2@PAVVirtualSink@onvifmp@@@std@@UBEABVtype_info@@XZ 100035a4 f i odm-player:MetadataCollector.obj
 0001:000025aa       ?_Get@?$_Func_impl@U?$_Callable_obj@V<lambda_10aef3f9c20489329aef1d0346f46932>@@$0A@@std@@V?$allocator@V?$_Func_class@V?$shared_ptr@VIVideoRenderer@onvifmp@@@std@@PAVVideoDecoder@onvifmp@@@std@@@2@V?$shared_ptr@VIVideoRenderer@onvifmp@@@2@PAVVideoDecoder@onvifmp@@@std@@EBEPBXXZ 100035aa f i odm-player:Live555.obj
 0001:000025aa       ?_Get@?$_Func_impl@U?$_Callable_obj@V<lambda_2f111f34529ba06998f18f1e2734b49b>@@$0A@@std@@V?$allocator@V?$_Func_class@V?$shared_ptr@VMetadataCollector@onvifmp@@@std@@PAVVirtualSink@onvifmp@@@std@@@2@V?$shared_ptr@VMetadataCollector@onvifmp@@@2@PAVVirtualSink@onvifmp@@@std@@EBEPBXXZ 100035aa f i odm-player:MetadataCollector.obj
 0001:000025aa       ?_Get@?$_Func_impl@U?$_Callable_obj@V<lambda_6f17768ec1e816bdad31c3395b38e95e>@@$0A@@std@@V?$allocator@V?$_Func_class@V?$shared_ptr@VVideoDecoder@onvifmp@@@std@@PAVVirtualSink@onvifmp@@@std@@@2@V?$shared_ptr@VVideoDecoder@onvifmp@@@2@PAVVirtualSink@onvifmp@@@std@@EBEPBXXZ 100035aa f i odm-player:Live555.obj
 0001:000025ae       ?_Delete_this@?$_Func_impl@U?$_Callable_obj@V<lambda_02633da78dd085cd30a2d2935e5e427d>@@$0A@@std@@V?$allocator@V?$_Func_class@V?$shared_ptr@VIFrameProcessor@onvifmp@@@std@@PAVVirtualSink@onvifmp@@@std@@@2@V?$shared_ptr@VIFrameProcessor@onvifmp@@@2@PAVVirtualSink@onvifmp@@@std@@EAEX_N@Z 100035ae f i odm-player:Live555.obj
 0001:000025ae       ?_Delete_this@?$_Func_impl@U?$_Callable_obj@V<lambda_10aef3f9c20489329aef1d0346f46932>@@$0A@@std@@V?$allocator@V?$_Func_class@V?$shared_ptr@VIVideoRenderer@onvifmp@@@std@@PAVVideoDecoder@onvifmp@@@std@@@2@V?$shared_ptr@VIVideoRenderer@onvifmp@@@2@PAVVideoDecoder@onvifmp@@@std@@EAEX_N@Z 100035ae f i odm-player:Live555.obj
 0001:000025ae       ?_Delete_this@?$_Func_impl@U?$_Callable_obj@V<lambda_de1d15fe10d4d9865796d6851c4d8d4d>@@$0A@@std@@V?$allocator@V?$_Func_class@V?$shared_ptr@VIFrameProcessor@onvifmp@@@std@@PAVVirtualSink@onvifmp@@@std@@@2@V?$shared_ptr@VIFrameProcessor@onvifmp@@@2@PAVVirtualSink@onvifmp@@@std@@EAEX_N@Z 100035ae f i odm-player:Live555.obj
 0001:000025ae       ?_Delete_this@?$_Func_impl@U?$_Callable_obj@V<lambda_2f111f34529ba06998f18f1e2734b49b>@@$0A@@std@@V?$allocator@V?$_Func_class@V?$shared_ptr@VMetadataCollector@onvifmp@@@std@@PAVVirtualSink@onvifmp@@@std@@@2@V?$shared_ptr@VMetadataCollector@onvifmp@@@2@PAVVirtualSink@onvifmp@@@std@@EAEX_N@Z 100035ae f i odm-player:MetadataCollector.obj
 0001:000025ae       ?_Delete_this@?$_Func_impl@U?$_Callable_obj@V<lambda_6f17768ec1e816bdad31c3395b38e95e>@@$0A@@std@@V?$allocator@V?$_Func_class@V?$shared_ptr@VVideoDecoder@onvifmp@@@std@@PAVVirtualSink@onvifmp@@@std@@@2@V?$shared_ptr@VVideoDecoder@onvifmp@@@2@PAVVirtualSink@onvifmp@@@std@@EAEX_N@Z 100035ae f i odm-player:Live555.obj
 0001:000025cd       ??$_ApplyX@V?$shared_ptr@VMetadataCollector@onvifmp@@@std@@PAVVirtualSink@onvifmp@@@?$_Callable_obj@V<lambda_2f111f34529ba06998f18f1e2734b49b>@@$0A@@std@@QAE?AV?$shared_ptr@VMetadataCollector@onvifmp@@@1@$$QAPAVVirtualSink@onvifmp@@@Z 100035cd f i odm-player:MetadataCollector.obj
 0001:000025eb       ??_EAuthenticator@@UAEPAXI@Z 100035eb f i * CIL library *:* CIL module *
 0001:000025eb       ??_GAuthenticator@@UAEPAXI@Z 100035eb f i live555:DigestAuthentication.obj
 0001:0000260a       ??0Authenticator@@$$FQAE@PBD0_N@Z 1000360a f   * CIL library *:* CIL module *
 0001:0000260a       ??0Authenticator@@QAE@PBD0_N@Z 1000360a f   live555:DigestAuthentication.obj
 0001:0000262f       ??4Authenticator@@QAEAAV0@ABV0@@Z 1000362f f   live555:DigestAuthentication.obj
 0001:00002669       ??1Authenticator@@UAE@XZ   10003669 f   live555:DigestAuthentication.obj
 0001:0000267f       ?computeDigestResponse@Authenticator@@QBEPBDPBD0@Z 1000367f f   live555:DigestAuthentication.obj
 0001:000027e6       ?resetRealmAndNonce@Authenticator@@AAEXXZ 100037e6 f   live555:DigestAuthentication.obj
 0001:00002805       ?resetUsernameAndPassword@Authenticator@@AAEXXZ 10003805 f   live555:DigestAuthentication.obj
 0001:00002828       ?assignRealmAndNonce@Authenticator@@AAEXPBD0@Z 10003828 f   live555:DigestAuthentication.obj
 0001:00002849       ?assign@Authenticator@@AAEXPBD000_N@Z 10003849 f   live555:DigestAuthentication.obj
 0001:0000287b       _our_MD5End                1000387b f   live555:our_md5hl.obj
 0001:000028ec       _our_MD5Data               100038ec f   live555:our_md5hl.obj
 0001:00003077       _ourMD5Update              10004077 f   live555:our_md5.obj
 0001:0000311a       _our_MD5Final              1000411a f   live555:our_md5.obj
 0001:00003199       ??1SPropRecord@@QAE@XZ     10004199 f i odm-player:Live555.obj
 0001:000031a3       ?CreateNew@VirtualSink@onvifmp@@SAPAV12@AAVUsageEnvironment@@I@Z 100041a3 f i odm-player:Live555.obj
 0001:000031eb       ?AddFrameProcessor@VirtualSink@onvifmp@@QAEXV?$function@$$A6A?AV?$shared_ptr@VIFrameProcessor@onvifmp@@@std@@PAVVirtualSink@onvifmp@@@Z@std@@@Z 100041eb f i odm-player:Live555.obj
 0001:00003260       ??0VirtualSink@onvifmp@@IAE@AAVUsageEnvironment@@I@Z 10004260 f i odm-player:Live555.obj
 0001:000032c5       ??1VirtualSink@onvifmp@@MAE@XZ 100042c5 f i odm-player:Live555.obj
 0001:000032f9       ?continuePlaying@VirtualSink@onvifmp@@MAE_NXZ 100042f9 f i odm-player:Live555.obj
 0001:0000331f       ?AfterGettingFrame@VirtualSink@onvifmp@@MAEXIIUtimeval@@I@Z 1000431f f i odm-player:Live555.obj
 0001:00003373       ??_EVirtualSink@onvifmp@@MAEPAXI@Z 10004373 f i * CIL library *:* CIL module *
 0001:00003373       ??_GVirtualSink@onvifmp@@MAEPAXI@Z 10004373 f i odm-player:Live555.obj
 0001:00003392       ?CreateNew@H264VirtualSink@onvifmp@@SAPAV12@AAVUsageEnvironment@@I@Z 10004392 f i odm-player:Live555.obj
 0001:000033f5       ??1H264VirtualSink@onvifmp@@MAE@XZ 100043f5 f i odm-player:Live555.obj
 0001:00003408       ?AfterGettingFrame@H264VirtualSink@onvifmp@@MAEXIIUtimeval@@I@Z 10004408 f i odm-player:Live555.obj
 0001:00003477       ??_EH264VirtualSink@onvifmp@@MAEPAXI@Z 10004477 f i * CIL library *:* CIL module *
 0001:00003477       ??_GH264VirtualSink@onvifmp@@MAEPAXI@Z 10004477 f i odm-player:Live555.obj
 0001:00003496       ?Create@VideoDecoder@onvifmp@@SA?AV?$function@$$A6A?AV?$shared_ptr@VVideoDecoder@onvifmp@@@std@@PAVVirtualSink@onvifmp@@@Z@std@@W4CodecID@@PBD@Z 10004496 f i odm-player:Live555.obj
 0001:000034c0       ?Init@VideoDecoder@onvifmp@@QAE_NPAVVirtualSink@2@PAUAVCodec@@PBD@Z 100044c0 f i odm-player:Live555.obj
 0001:000035f2       ?Cleanup@VideoDecoder@onvifmp@@QAEXXZ 100045f2 f i odm-player:Live555.obj
 0001:0000362d       ?AddExtraData@VideoDecoder@onvifmp@@IAEXPAEH@Z 1000462d f i odm-player:Live555.obj
 0001:00003676       ?ProcessFrame@VideoDecoder@onvifmp@@MAEXPAEHUtimeval@@I@Z 10004676 f i odm-player:Live555.obj
 0001:000037a8       ?Create@VideoRenderer@onvifmp@@SA?AV?$function@$$A6A?AV?$shared_ptr@VIVideoRenderer@onvifmp@@@std@@PAVVideoDecoder@onvifmp@@@Z@std@@V?$shared_ptr@VVideoBuffer@onvifmp@@@4@@Z 100047a8 f i odm-player:Live555.obj
 0001:00003809       ?RenderFrame@VideoRenderer@onvifmp@@MAEXPAUAVCodecContext@@PAUAVFrame@@@Z 10004809 f i odm-player:Live555.obj
 0001:000038eb       ??0Live555@onvifmp@@$$FQAE@XZ 100048eb f   * CIL library *:* CIL module *
 0001:000038eb       ??0Live555@onvifmp@@QAE@XZ 100048eb f   odm-player:Live555.obj
 0001:0000390c       ??1Live555@onvifmp@@QAE@XZ 1000490c f   odm-player:Live555.obj
 0001:0000390c       ??1Live555@onvifmp@@$$FQAE@XZ 1000490c f   * CIL library *:* CIL module *
 0001:0000392e       ?SetVideoOutput@Live555@onvifmp@@QAEXV?$shared_ptr@VVideoBuffer@onvifmp@@@std@@@Z 1000492e f   odm-player:Live555.obj
 0001:0000392e       ?SetVideoOutput@Live555@onvifmp@@$$FQAEXV?$shared_ptr@VVideoBuffer@onvifmp@@@std@@@Z 1000492e f   * CIL library *:* CIL module *
 0001:0000394d       ?SetMetadataOutput@Live555@onvifmp@@$$FQAEXV?$function@$$A6AXPAXH_NH@Z@std@@@Z 1000494d f   * CIL library *:* CIL module *
 0001:0000394d       ?SetMetadataOutput@Live555@onvifmp@@QAEXV?$function@$$A6AXPAXH_NH@Z@std@@@Z 1000494d f   odm-player:Live555.obj
 0001:00003985       ?Run@Live555@onvifmp@@QAEXPAVMediaStreamInfo@2@PAVIPlaybackController@2@@Z 10004985 f   odm-player:Live555.obj
 0001:00003985       ?Run@Live555@onvifmp@@$$FQAEXPAVMediaStreamInfo@2@PAVIPlaybackController@2@@Z 10004985 f   * CIL library *:* CIL module *
 0001:00003a1b       ?InitVideoSubsession@Live555@onvifmp@@IAE?AV?$function@$$A6A?AV?$shared_ptr@VIFrameProcessor@onvifmp@@@std@@PAVVirtualSink@onvifmp@@@Z@std@@W4CodecID@@PBD@Z 10004a1b f   odm-player:Live555.obj
 0001:00003bc0       ?InitMetadataSubsession@Live555@onvifmp@@IAE?AV?$function@$$A6A?AV?$shared_ptr@VIFrameProcessor@onvifmp@@@std@@PAVVirtualSink@onvifmp@@@Z@std@@PBD@Z 10004bc0 f   odm-player:Live555.obj
 0001:00003cd9       ?InitSubsession@Live555@onvifmp@@IAE?AV?$function@$$A6A?AV?$shared_ptr@VIFrameProcessor@onvifmp@@@std@@PAVVirtualSink@onvifmp@@@Z@std@@PBD0@Z 10004cd9 f   odm-player:Live555.obj
 0001:00003d83       ?SetupSubsession@Live555@onvifmp@@IAEXPAVMediaStreamInfo@2@PAVMediaSubsession@@@Z 10004d83 f   odm-player:Live555.obj
 0001:00003ebd       ?Init@Live555@onvifmp@@IAE_NPAVMediaStreamInfo@2@@Z 10004ebd f   odm-player:Live555.obj
 0001:00004161       ?Cleanup@Live555@onvifmp@@IAEXXZ 10005161 f   odm-player:Live555.obj
 0001:00004211       ??4?$shared_ptr@VIFrameProcessor@onvifmp@@@std@@QAEAAV01@$$QAV01@@Z 10005211 f i odm-player:Live555.obj
 0001:00004211       ??4?$shared_ptr@VIVideoRenderer@onvifmp@@@std@@QAEAAV01@$$QAV01@@Z 10005211 f i odm-player:Live555.obj
 0001:0000424e       ??R?$_Func_class@V?$shared_ptr@VIFrameProcessor@onvifmp@@@std@@PAVVirtualSink@onvifmp@@@std@@QBE?AV?$shared_ptr@VIFrameProcessor@onvifmp@@@1@PAVVirtualSink@onvifmp@@@Z 1000524e f i odm-player:Live555.obj
 0001:0000424e       ??R?$_Func_class@V?$shared_ptr@VIVideoRenderer@onvifmp@@@std@@PAVVideoDecoder@onvifmp@@@std@@QBE?AV?$shared_ptr@VIVideoRenderer@onvifmp@@@1@PAVVideoDecoder@onvifmp@@@Z 1000524e f i odm-player:Live555.obj
 0001:0000424e       ??R?$_Func_class@V?$shared_ptr@VVideoDecoder@onvifmp@@@std@@PAVVirtualSink@onvifmp@@@std@@QBE?AV?$shared_ptr@VVideoDecoder@onvifmp@@@1@PAVVirtualSink@onvifmp@@@Z 1000524e f i odm-player:Live555.obj
 0001:0000424e       ??R?$_Func_class@V?$shared_ptr@VMetadataCollector@onvifmp@@@std@@PAVVirtualSink@onvifmp@@@std@@QBE?AV?$shared_ptr@VMetadataCollector@onvifmp@@@1@PAVVirtualSink@onvifmp@@@Z 1000524e f i odm-player:Live555.obj
 0001:00004278       ??0?$function@$$A6A?AV?$shared_ptr@VVideoDecoder@onvifmp@@@std@@PAVVirtualSink@onvifmp@@@Z@std@@QAE@ABV01@@Z 10005278 f i odm-player:Live555.obj
 0001:00004278       ??0?$function@$$A6A?AV?$shared_ptr@VIVideoRenderer@onvifmp@@@std@@PAVVideoDecoder@onvifmp@@@Z@std@@QAE@ABV01@@Z 10005278 f i odm-player:Live555.obj
 0001:00004278       ??0?$function@$$A6A?AV?$shared_ptr@VMetadataCollector@onvifmp@@@std@@PAVVirtualSink@onvifmp@@@Z@std@@QAE@ABV01@@Z 10005278 f i odm-player:Live555.obj
 0001:000042b9       ??0?$shared_ptr@VVideoBuffer@onvifmp@@@std@@QAE@ABV01@@Z 100052b9 f i odm-player:Live555.obj
 0001:000042f8       ??4?$shared_ptr@VVideoBuffer@onvifmp@@@std@@QAEAAV01@ABV01@@Z 100052f8 f i odm-player:Live555.obj
 0001:00004338       ??1?$_Func_base@V?$shared_ptr@VIFrameProcessor@onvifmp@@@std@@PAVVirtualSink@onvifmp@@@std@@UAE@XZ 10005338 f i odm-player:Live555.obj
 0001:0000433f       ??_E?$_Func_base@V?$shared_ptr@VIFrameProcessor@onvifmp@@@std@@PAVVirtualSink@onvifmp@@@std@@UAEPAXI@Z 1000533f f i * CIL library *:* CIL module *
 0001:0000433f       ??_G?$_Func_base@V?$shared_ptr@VIFrameProcessor@onvifmp@@@std@@PAVVirtualSink@onvifmp@@@std@@UAEPAXI@Z 1000533f f i odm-player:Live555.obj
 0001:0000435f       ??_G?$_Func_impl@U?$_Callable_obj@V<lambda_6f17768ec1e816bdad31c3395b38e95e>@@$0A@@std@@V?$allocator@V?$_Func_class@V?$shared_ptr@VVideoDecoder@onvifmp@@@std@@PAVVirtualSink@onvifmp@@@std@@@2@V?$shared_ptr@VVideoDecoder@onvifmp@@@2@PAVVirtualSink@onvifmp@@@std@@UAEPAXI@Z 1000535f f i odm-player:Live555.obj
 0001:0000435f       ??_E?$_Func_impl@U?$_Callable_obj@V<lambda_6f17768ec1e816bdad31c3395b38e95e>@@$0A@@std@@V?$allocator@V?$_Func_class@V?$shared_ptr@VVideoDecoder@onvifmp@@@std@@PAVVirtualSink@onvifmp@@@std@@@2@V?$shared_ptr@VVideoDecoder@onvifmp@@@2@PAVVirtualSink@onvifmp@@@std@@UAEPAXI@Z 1000535f f i * CIL library *:* CIL module *
 0001:0000435f       ??_G?$_Func_base@V?$shared_ptr@VVideoDecoder@onvifmp@@@std@@PAVVirtualSink@onvifmp@@@std@@UAEPAXI@Z 1000535f f i odm-player:Live555.obj
 0001:0000435f       ??_E?$_Func_base@V?$shared_ptr@VVideoDecoder@onvifmp@@@std@@PAVVirtualSink@onvifmp@@@std@@UAEPAXI@Z 1000535f f i * CIL library *:* CIL module *
 0001:0000437f       ??_E?$_Func_base@V?$shared_ptr@VIVideoRenderer@onvifmp@@@std@@PAVVideoDecoder@onvifmp@@@std@@UAEPAXI@Z 1000537f f i * CIL library *:* CIL module *
 0001:0000437f       ??_G?$_Func_base@V?$shared_ptr@VIVideoRenderer@onvifmp@@@std@@PAVVideoDecoder@onvifmp@@@std@@UAEPAXI@Z 1000537f f i odm-player:Live555.obj
 0001:0000439f       ??$make_shared@VVideoDecoder@onvifmp@@$$$V@std@@YA?AV?$shared_ptr@VVideoDecoder@onvifmp@@@0@XZ 1000539f f i odm-player:Live555.obj
 0001:00004413       ??$make_shared@VVideoRenderer@onvifmp@@ABV?$shared_ptr@VVideoBuffer@onvifmp@@@std@@@std@@YA?AV?$shared_ptr@VVideoRenderer@onvifmp@@@0@ABV?$shared_ptr@VVideoBuffer@onvifmp@@@0@@Z 10005413 f i odm-player:Live555.obj
 0001:00004455       ??$?0V<lambda_02633da78dd085cd30a2d2935e5e427d>@@@?$function@$$A6A?AV?$shared_ptr@VIFrameProcessor@onvifmp@@@std@@PAVVirtualSink@onvifmp@@@Z@std@@QAE@$$QAV<lambda_02633da78dd085cd30a2d2935e5e427d>@@@Z 10005455 f i odm-player:Live555.obj
 0001:000044b0       ?_Destroy@?$_Ref_count_obj@VVideoDecoder@onvifmp@@@std@@EAEXXZ 100054b0 f i odm-player:Live555.obj
 0001:000044d1       ?_Destroy@?$_Ref_count_obj@VVideoRenderer@onvifmp@@@std@@EAEXXZ 100054d1 f i odm-player:Live555.obj
 0001:000044e4       ??$?0ABV?$shared_ptr@VVideoBuffer@onvifmp@@@std@@@?$_Ref_count_obj@VVideoRenderer@onvifmp@@@std@@QAE@ABV?$shared_ptr@VVideoBuffer@onvifmp@@@1@@Z 100054e4 f i odm-player:Live555.obj
 0001:0000453d       ?_Reset@?$_Ptr_base@VIFrameProcessor@onvifmp@@@std@@QAEXPAVIFrameProcessor@onvifmp@@PAV_Ref_count_base@2@@Z 1000553d f i odm-player:Live555.obj
 0001:0000456f       ?_Move@?$_Func_impl@U?$_Callable_obj@V<lambda_6f17768ec1e816bdad31c3395b38e95e>@@$0A@@std@@V?$allocator@V?$_Func_class@V?$shared_ptr@VVideoDecoder@onvifmp@@@std@@PAVVirtualSink@onvifmp@@@std@@@2@V?$shared_ptr@VVideoDecoder@onvifmp@@@2@PAVVirtualSink@onvifmp@@@std@@UAEPAV?$_Func_base@V?$shared_ptr@VVideoDecoder@onvifmp@@@std@@PAVVirtualSink@onvifmp@@@2@PAX@Z 1000556f f i odm-player:Live555.obj
 0001:0000456f       ?_Copy@?$_Func_impl@U?$_Callable_obj@V<lambda_6f17768ec1e816bdad31c3395b38e95e>@@$0A@@std@@V?$allocator@V?$_Func_class@V?$shared_ptr@VVideoDecoder@onvifmp@@@std@@PAVVirtualSink@onvifmp@@@std@@@2@V?$shared_ptr@VVideoDecoder@onvifmp@@@2@PAVVirtualSink@onvifmp@@@std@@UAEPAV?$_Func_base@V?$shared_ptr@VVideoDecoder@onvifmp@@@std@@PAVVirtualSink@onvifmp@@@2@PAX@Z 1000556f f i odm-player:Live555.obj
 0001:000045a6       ?_Do_call@?$_Func_impl@U?$_Callable_obj@V<lambda_6f17768ec1e816bdad31c3395b38e95e>@@$0A@@std@@V?$allocator@V?$_Func_class@V?$shared_ptr@VVideoDecoder@onvifmp@@@std@@PAVVirtualSink@onvifmp@@@std@@@2@V?$shared_ptr@VVideoDecoder@onvifmp@@@2@PAVVirtualSink@onvifmp@@@std@@UAE?AV?$shared_ptr@VVideoDecoder@onvifmp@@@2@$$QAPAVVirtualSink@onvifmp@@@Z 100055a6 f i odm-player:Live555.obj
 0001:000045c3       ?_Target_type@?$_Func_impl@U?$_Callable_obj@V<lambda_6f17768ec1e816bdad31c3395b38e95e>@@$0A@@std@@V?$allocator@V?$_Func_class@V?$shared_ptr@VVideoDecoder@onvifmp@@@std@@PAVVirtualSink@onvifmp@@@std@@@2@V?$shared_ptr@VVideoDecoder@onvifmp@@@2@PAVVirtualSink@onvifmp@@@std@@UBEABVtype_info@@XZ 100055c3 f i odm-player:Live555.obj
 0001:000045c9       ?_Move@?$_Func_impl@U?$_Callable_obj@V<lambda_10aef3f9c20489329aef1d0346f46932>@@$0A@@std@@V?$allocator@V?$_Func_class@V?$shared_ptr@VIVideoRenderer@onvifmp@@@std@@PAVVideoDecoder@onvifmp@@@std@@@2@V?$shared_ptr@VIVideoRenderer@onvifmp@@@2@PAVVideoDecoder@onvifmp@@@std@@UAEPAV?$_Func_base@V?$shared_ptr@VIVideoRenderer@onvifmp@@@std@@PAVVideoDecoder@onvifmp@@@2@PAX@Z 100055c9 f i odm-player:Live555.obj
 0001:000045c9       ?_Copy@?$_Func_impl@U?$_Callable_obj@V<lambda_10aef3f9c20489329aef1d0346f46932>@@$0A@@std@@V?$allocator@V?$_Func_class@V?$shared_ptr@VIVideoRenderer@onvifmp@@@std@@PAVVideoDecoder@onvifmp@@@std@@@2@V?$shared_ptr@VIVideoRenderer@onvifmp@@@2@PAVVideoDecoder@onvifmp@@@std@@UAEPAV?$_Func_base@V?$shared_ptr@VIVideoRenderer@onvifmp@@@std@@PAVVideoDecoder@onvifmp@@@2@PAX@Z 100055c9 f i odm-player:Live555.obj
 0001:00004606       ??1?$_Func_impl@U?$_Callable_obj@V<lambda_10aef3f9c20489329aef1d0346f46932>@@$0A@@std@@V?$allocator@V?$_Func_class@V?$shared_ptr@VIVideoRenderer@onvifmp@@@std@@PAVVideoDecoder@onvifmp@@@std@@@2@V?$shared_ptr@VIVideoRenderer@onvifmp@@@2@PAVVideoDecoder@onvifmp@@@std@@UAE@XZ 10005606 f i odm-player:Live555.obj
 0001:00004623       ?_Do_call@?$_Func_impl@U?$_Callable_obj@V<lambda_10aef3f9c20489329aef1d0346f46932>@@$0A@@std@@V?$allocator@V?$_Func_class@V?$shared_ptr@VIVideoRenderer@onvifmp@@@std@@PAVVideoDecoder@onvifmp@@@std@@@2@V?$shared_ptr@VIVideoRenderer@onvifmp@@@2@PAVVideoDecoder@onvifmp@@@std@@UAE?AV?$shared_ptr@VIVideoRenderer@onvifmp@@@2@$$QAPAVVideoDecoder@onvifmp@@@Z 10005623 f i odm-player:Live555.obj
 0001:00004640       ?_Target_type@?$_Func_impl@U?$_Callable_obj@V<lambda_10aef3f9c20489329aef1d0346f46932>@@$0A@@std@@V?$allocator@V?$_Func_class@V?$shared_ptr@VIVideoRenderer@onvifmp@@@std@@PAVVideoDecoder@onvifmp@@@std@@@2@V?$shared_ptr@VIVideoRenderer@onvifmp@@@2@PAVVideoDecoder@onvifmp@@@std@@UBEABVtype_info@@XZ 10005640 f i odm-player:Live555.obj
 0001:00004646       ??0?$_Func_impl@U?$_Callable_obj@V<lambda_de1d15fe10d4d9865796d6851c4d8d4d>@@$0A@@std@@V?$allocator@V?$_Func_class@V?$shared_ptr@VIFrameProcessor@onvifmp@@@std@@PAVVirtualSink@onvifmp@@@std@@@2@V?$shared_ptr@VIFrameProcessor@onvifmp@@@2@PAVVirtualSink@onvifmp@@@std@@QAE@$$QAV<lambda_de1d15fe10d4d9865796d6851c4d8d4d>@@ABV?$allocator@V?$_Func_impl@U?$_Callable_obj@V<lambda_de1d15fe10d4d9865796d6851c4d8d4d>@@$0A@@std@@V?$allocator@V?$_Func_class@V?$shared_ptr@VIFrameProcessor@onvifmp@@@std@@PAVVirtualSink@onvifmp@@@std@@@2@V?$shared_ptr@VIFrameProcessor@onvifmp@@@2@PAVVirtualSink@onvifmp@@@std@@@1@@Z 10005646 f i odm-player:Live555.obj
 0001:0000468c       ?_Move@?$_Func_impl@U?$_Callable_obj@V<lambda_de1d15fe10d4d9865796d6851c4d8d4d>@@$0A@@std@@V?$allocator@V?$_Func_class@V?$shared_ptr@VIFrameProcessor@onvifmp@@@std@@PAVVirtualSink@onvifmp@@@std@@@2@V?$shared_ptr@VIFrameProcessor@onvifmp@@@2@PAVVirtualSink@onvifmp@@@std@@UAEPAV?$_Func_base@V?$shared_ptr@VIFrameProcessor@onvifmp@@@std@@PAVVirtualSink@onvifmp@@@2@PAX@Z 1000568c f i odm-player:Live555.obj
 0001:0000468c       ?_Copy@?$_Func_impl@U?$_Callable_obj@V<lambda_de1d15fe10d4d9865796d6851c4d8d4d>@@$0A@@std@@V?$allocator@V?$_Func_class@V?$shared_ptr@VIFrameProcessor@onvifmp@@@std@@PAVVirtualSink@onvifmp@@@std@@@2@V?$shared_ptr@VIFrameProcessor@onvifmp@@@2@PAVVirtualSink@onvifmp@@@std@@UAEPAV?$_Func_base@V?$shared_ptr@VIFrameProcessor@onvifmp@@@std@@PAVVirtualSink@onvifmp@@@2@PAX@Z 1000568c f i odm-player:Live555.obj
 0001:000046f6       ??1?$_Func_impl@U?$_Callable_obj@V<lambda_de1d15fe10d4d9865796d6851c4d8d4d>@@$0A@@std@@V?$allocator@V?$_Func_class@V?$shared_ptr@VIFrameProcessor@onvifmp@@@std@@PAVVirtualSink@onvifmp@@@std@@@2@V?$shared_ptr@VIFrameProcessor@onvifmp@@@2@PAVVirtualSink@onvifmp@@@std@@UAE@XZ 100056f6 f i odm-player:Live555.obj
 0001:00004719       ?_Do_call@?$_Func_impl@U?$_Callable_obj@V<lambda_de1d15fe10d4d9865796d6851c4d8d4d>@@$0A@@std@@V?$allocator@V?$_Func_class@V?$shared_ptr@VIFrameProcessor@onvifmp@@@std@@PAVVirtualSink@onvifmp@@@std@@@2@V?$shared_ptr@VIFrameProcessor@onvifmp@@@2@PAVVirtualSink@onvifmp@@@std@@UAE?AV?$shared_ptr@VIFrameProcessor@onvifmp@@@2@$$QAPAVVirtualSink@onvifmp@@@Z 10005719 f i odm-player:Live555.obj
 0001:00004738       ?_Target_type@?$_Func_impl@U?$_Callable_obj@V<lambda_de1d15fe10d4d9865796d6851c4d8d4d>@@$0A@@std@@V?$allocator@V?$_Func_class@V?$shared_ptr@VIFrameProcessor@onvifmp@@@std@@PAVVirtualSink@onvifmp@@@std@@@2@V?$shared_ptr@VIFrameProcessor@onvifmp@@@2@PAVVirtualSink@onvifmp@@@std@@UBEABVtype_info@@XZ 10005738 f i odm-player:Live555.obj
 0001:0000473e       ?_Get@?$_Func_impl@U?$_Callable_obj@V<lambda_de1d15fe10d4d9865796d6851c4d8d4d>@@$0A@@std@@V?$allocator@V?$_Func_class@V?$shared_ptr@VIFrameProcessor@onvifmp@@@std@@PAVVirtualSink@onvifmp@@@std@@@2@V?$shared_ptr@VIFrameProcessor@onvifmp@@@2@PAVVirtualSink@onvifmp@@@std@@EBEPBXXZ 1000573e f i odm-player:Live555.obj
 0001:0000473e       ?_Get@?$_Func_impl@U?$_Callable_obj@V<lambda_02633da78dd085cd30a2d2935e5e427d>@@$0A@@std@@V?$allocator@V?$_Func_class@V?$shared_ptr@VIFrameProcessor@onvifmp@@@std@@PAVVirtualSink@onvifmp@@@std@@@2@V?$shared_ptr@VIFrameProcessor@onvifmp@@@2@PAVVirtualSink@onvifmp@@@std@@EBEPBXXZ 1000573e f i odm-player:Live555.obj
 0001:00004742       ?_Copy@?$_Func_impl@U?$_Callable_obj@V<lambda_02633da78dd085cd30a2d2935e5e427d>@@$0A@@std@@V?$allocator@V?$_Func_class@V?$shared_ptr@VIFrameProcessor@onvifmp@@@std@@PAVVirtualSink@onvifmp@@@std@@@2@V?$shared_ptr@VIFrameProcessor@onvifmp@@@2@PAVVirtualSink@onvifmp@@@std@@UAEPAV?$_Func_base@V?$shared_ptr@VIFrameProcessor@onvifmp@@@std@@PAVVirtualSink@onvifmp@@@2@PAX@Z 10005742 f i odm-player:Live555.obj
 0001:00004742       ?_Move@?$_Func_impl@U?$_Callable_obj@V<lambda_02633da78dd085cd30a2d2935e5e427d>@@$0A@@std@@V?$allocator@V?$_Func_class@V?$shared_ptr@VIFrameProcessor@onvifmp@@@std@@PAVVirtualSink@onvifmp@@@std@@@2@V?$shared_ptr@VIFrameProcessor@onvifmp@@@2@PAVVirtualSink@onvifmp@@@std@@UAEPAV?$_Func_base@V?$shared_ptr@VIFrameProcessor@onvifmp@@@std@@PAVVirtualSink@onvifmp@@@2@PAX@Z 10005742 f i odm-player:Live555.obj
 0001:0000479d       ??1?$_Func_impl@U?$_Callable_obj@V<lambda_02633da78dd085cd30a2d2935e5e427d>@@$0A@@std@@V?$allocator@V?$_Func_class@V?$shared_ptr@VIFrameProcessor@onvifmp@@@std@@PAVVirtualSink@onvifmp@@@std@@@2@V?$shared_ptr@VIFrameProcessor@onvifmp@@@2@PAVVirtualSink@onvifmp@@@std@@UAE@XZ 1000579d f i odm-player:Live555.obj
 0001:000047b6       ?_Do_call@?$_Func_impl@U?$_Callable_obj@V<lambda_02633da78dd085cd30a2d2935e5e427d>@@$0A@@std@@V?$allocator@V?$_Func_class@V?$shared_ptr@VIFrameProcessor@onvifmp@@@std@@PAVVirtualSink@onvifmp@@@std@@@2@V?$shared_ptr@VIFrameProcessor@onvifmp@@@2@PAVVirtualSink@onvifmp@@@std@@UAE?AV?$shared_ptr@VIFrameProcessor@onvifmp@@@2@$$QAPAVVirtualSink@onvifmp@@@Z 100057b6 f i odm-player:Live555.obj
 0001:000047d5       ?_Target_type@?$_Func_impl@U?$_Callable_obj@V<lambda_02633da78dd085cd30a2d2935e5e427d>@@$0A@@std@@V?$allocator@V?$_Func_class@V?$shared_ptr@VIFrameProcessor@onvifmp@@@std@@PAVVirtualSink@onvifmp@@@std@@@2@V?$shared_ptr@VIFrameProcessor@onvifmp@@@2@PAVVirtualSink@onvifmp@@@std@@UBEABVtype_info@@XZ 100057d5 f i odm-player:Live555.obj
 0001:000047db       ??_E?$_Func_impl@U?$_Callable_obj@V<lambda_10aef3f9c20489329aef1d0346f46932>@@$0A@@std@@V?$allocator@V?$_Func_class@V?$shared_ptr@VIVideoRenderer@onvifmp@@@std@@PAVVideoDecoder@onvifmp@@@std@@@2@V?$shared_ptr@VIVideoRenderer@onvifmp@@@2@PAVVideoDecoder@onvifmp@@@std@@UAEPAXI@Z 100057db f i * CIL library *:* CIL module *
 0001:000047db       ??_G?$_Func_impl@U?$_Callable_obj@V<lambda_10aef3f9c20489329aef1d0346f46932>@@$0A@@std@@V?$allocator@V?$_Func_class@V?$shared_ptr@VIVideoRenderer@onvifmp@@@std@@PAVVideoDecoder@onvifmp@@@std@@@2@V?$shared_ptr@VIVideoRenderer@onvifmp@@@2@PAVVideoDecoder@onvifmp@@@std@@UAEPAXI@Z 100057db f i odm-player:Live555.obj
 0001:000047fa       ??_E?$_Func_impl@U?$_Callable_obj@V<lambda_de1d15fe10d4d9865796d6851c4d8d4d>@@$0A@@std@@V?$allocator@V?$_Func_class@V?$shared_ptr@VIFrameProcessor@onvifmp@@@std@@PAVVirtualSink@onvifmp@@@std@@@2@V?$shared_ptr@VIFrameProcessor@onvifmp@@@2@PAVVirtualSink@onvifmp@@@std@@UAEPAXI@Z 100057fa f i * CIL library *:* CIL module *
 0001:000047fa       ??_G?$_Func_impl@U?$_Callable_obj@V<lambda_de1d15fe10d4d9865796d6851c4d8d4d>@@$0A@@std@@V?$allocator@V?$_Func_class@V?$shared_ptr@VIFrameProcessor@onvifmp@@@std@@PAVVirtualSink@onvifmp@@@std@@@2@V?$shared_ptr@VIFrameProcessor@onvifmp@@@2@PAVVirtualSink@onvifmp@@@std@@UAEPAXI@Z 100057fa f i odm-player:Live555.obj
 0001:00004819       ??_G?$_Func_impl@U?$_Callable_obj@V<lambda_02633da78dd085cd30a2d2935e5e427d>@@$0A@@std@@V?$allocator@V?$_Func_class@V?$shared_ptr@VIFrameProcessor@onvifmp@@@std@@PAVVirtualSink@onvifmp@@@std@@@2@V?$shared_ptr@VIFrameProcessor@onvifmp@@@2@PAVVirtualSink@onvifmp@@@std@@UAEPAXI@Z 10005819 f i odm-player:Live555.obj
 0001:00004819       ??_E?$_Func_impl@U?$_Callable_obj@V<lambda_02633da78dd085cd30a2d2935e5e427d>@@$0A@@std@@V?$allocator@V?$_Func_class@V?$shared_ptr@VIFrameProcessor@onvifmp@@@std@@PAVVirtualSink@onvifmp@@@std@@@2@V?$shared_ptr@VIFrameProcessor@onvifmp@@@2@PAVVirtualSink@onvifmp@@@std@@UAEPAXI@Z 10005819 f i * CIL library *:* CIL module *
 0001:00004838       ??$_ApplyX@V?$shared_ptr@VVideoDecoder@onvifmp@@@std@@PAVVirtualSink@onvifmp@@@?$_Callable_obj@V<lambda_6f17768ec1e816bdad31c3395b38e95e>@@$0A@@std@@QAE?AV?$shared_ptr@VVideoDecoder@onvifmp@@@1@$$QAPAVVirtualSink@onvifmp@@@Z 10005838 f i odm-player:Live555.obj
 0001:00004852       ??$_ApplyX@V?$shared_ptr@VIVideoRenderer@onvifmp@@@std@@PAVVideoDecoder@onvifmp@@@?$_Callable_obj@V<lambda_10aef3f9c20489329aef1d0346f46932>@@$0A@@std@@QAE?AV?$shared_ptr@VIVideoRenderer@onvifmp@@@1@$$QAPAVVideoDecoder@onvifmp@@@Z 10005852 f i odm-player:Live555.obj
 0001:0000486c       ??$_ApplyX@V?$shared_ptr@VIFrameProcessor@onvifmp@@@std@@PAVVirtualSink@onvifmp@@@?$_Callable_obj@V<lambda_de1d15fe10d4d9865796d6851c4d8d4d>@@$0A@@std@@QAE?AV?$shared_ptr@VIFrameProcessor@onvifmp@@@1@$$QAPAVVirtualSink@onvifmp@@@Z 1000586c f i odm-player:Live555.obj
 0001:0000488a       ??$_ApplyX@V?$shared_ptr@VIFrameProcessor@onvifmp@@@std@@PAVVirtualSink@onvifmp@@@?$_Callable_obj@V<lambda_02633da78dd085cd30a2d2935e5e427d>@@$0A@@std@@QAE?AV?$shared_ptr@VIFrameProcessor@onvifmp@@@1@$$QAPAVVirtualSink@onvifmp@@@Z 1000588a f i odm-player:Live555.obj
 0001:000048a8       ?createNew@MediaSession@@SAPAV1@AAVUsageEnvironment@@PBD@Z 100058a8 f   live555:MediaSession.obj
 0001:00004900       ??0MediaSession@@IAE@AAVUsageEnvironment@@@Z 10005900 f   live555:MediaSession.obj
 0001:00004975       ??_EMediaSession@@MAEPAXI@Z 10005975 f i * CIL library *:* CIL module *
 0001:00004975       ??_GMediaSession@@MAEPAXI@Z 10005975 f i live555:MediaSession.obj
 0001:00004994       ??1MediaSession@@MAE@XZ    10005994 f   live555:MediaSession.obj
 0001:00004a10       ?isSink@MediaSink@@EBE_NXZ 10005a10 f   live555:MediaSink.obj
 0001:00004a10       ?isAMRAudioSource@AMRAudioSource@@EBE_NXZ 10005a10 f   live555:AMRAudioSource.obj
 0001:00004a10       ?isRTSPClient@RTSPClient@@EBE_NXZ 10005a10 f   live555:RTSPClient.obj
 0001:00004a10       ?isSource@MediaSource@@EBE_NXZ 10005a10 f   live555:MediaSource.obj
 0001:00004a10       ?isFramedSource@FramedSource@@EBE_NXZ 10005a10 f   live555:FramedSource.obj
 0001:00004a10       ?isMediaSession@MediaSession@@MBE_NXZ 10005a10 f   live555:MediaSession.obj
 0001:00004a10       ?isRTCPInstance@RTCPInstance@@EBE_NXZ 10005a10 f   live555:RTCP.obj
 0001:00004a10       ?isRTPSource@RTPSource@@EBE_NXZ 10005a10 f   live555:RTPSource.obj
 0001:00004a13       ?createNewMediaSubsession@MediaSession@@MAEPAVMediaSubsession@@XZ 10005a13 f   live555:MediaSession.obj
 0001:00004a34       ?initializeWithSDP@MediaSession@@IAE_NPBD@Z 10005a34 f   live555:MediaSession.obj
 0001:00004f76       ?parseSDPLine@MediaSession@@IAE_NPBDAAPBD@Z 10005f76 f   live555:MediaSession.obj
 0001:0000503b       ?parseSDPAttribute_type@MediaSession@@IAE_NPBD@Z 1000603b f   live555:MediaSession.obj
 0001:0000508b       ?parseSDPAttribute_control@MediaSession@@IAE_NPBD@Z 1000608b f   live555:MediaSession.obj
 0001:0000515a       ?parseSDPAttribute_range@MediaSession@@IAE_NPBD@Z 1000615a f   live555:MediaSession.obj
 0001:00005244       ?lookupPayloadFormat@MediaSession@@KAPADEAAI0@Z 10006244 f   live555:MediaSession.obj
 0001:000053d0       ?guessRTPTimestampFrequency@MediaSession@@KAIPBD0@Z 100063d0 f   live555:MediaSession.obj
 0001:0000546c       ??_EMediaSubsessionIterator@@UAEPAXI@Z 1000646c f i * CIL library *:* CIL module *
 0001:0000546c       ??_GMediaSubsessionIterator@@UAEPAXI@Z 1000646c f i live555:MediaSession.obj
 0001:0000548c       ??1MediaSubsessionIterator@@UAE@XZ 1000648c f   live555:MediaSession.obj
 0001:00005493       ??0MediaSubsession@@IAE@AAVMediaSession@@@Z 10006493 f   live555:MediaSession.obj
 0001:000055c4       ??_EMediaSubsession@@MAEPAXI@Z 100065c4 f i * CIL library *:* CIL module *
 0001:000055c4       ??_GMediaSubsession@@MAEPAXI@Z 100065c4 f i live555:MediaSession.obj
 0001:000055e3       ??1MediaSubsession@@MAE@XZ 100065e3 f   live555:MediaSession.obj
 0001:0000568b       ?initiate@MediaSubsession@@QAE_NH@Z 1000668b f   live555:MediaSession.obj
 0001:00005c01       ?deInitiate@MediaSubsession@@QAEXXZ 10006c01 f   live555:MediaSession.obj
 0001:00005c5e       ?connectionEndpointAddress@MediaSubsession@@QBEIXZ 10006c5e f   live555:MediaSession.obj
 0001:00005cc3       ?setDestinations@MediaSubsession@@QAEXI@Z 10006cc3 f   live555:MediaSession.obj
 0001:00005d41       ?parseSDPAttribute_rtpmap@MediaSubsession@@IAE_NPBD@Z 10006d41 f   live555:MediaSession.obj
 0001:00005e4e       ?parseSDPAttribute_fmtp@MediaSubsession@@IAE_NPBD@Z 10006e4e f   live555:MediaSession.obj
 0001:000063f7       ?parseSDPAttribute_framerate@MediaSubsession@@IAE_NPBD@Z 100073f7 f   live555:MediaSession.obj
 0001:0000646f       ?createSourceObjects@MediaSubsession@@MAE_NH@Z 1000746f f   live555:MediaSession.obj
 0001:00006fa0       ??0FramedSource@@IAE@AAVUsageEnvironment@@@Z 10007fa0 f   live555:FramedSource.obj
 0001:00006fd2       ??_GMediaSource@@MAEPAXI@Z 10007fd2 f i live555:MediaSource.obj
 0001:00006fd2       ??_EFramedSource@@MAEPAXI@Z 10007fd2 f i * CIL library *:* CIL module *
 0001:00006fd2       ??_EMediaSource@@MAEPAXI@Z 10007fd2 f i * CIL library *:* CIL module *
 0001:00006fd2       ??_GFramedSource@@MAEPAXI@Z 10007fd2 f i live555:FramedSource.obj
 0001:00006ff7       ??1AMRAudioSource@@MAE@XZ  10007ff7 f   live555:AMRAudioSource.obj
 0001:00006ff7       ??1FramedSource@@MAE@XZ    10007ff7 f   live555:FramedSource.obj
 0001:00007002       ?getNextFrame@FramedSource@@QAEXPAEIP6AXPAXIIUtimeval@@I@Z1P6AX1@Z1@Z 10008002 f   live555:FramedSource.obj
 0001:00007073       ?afterGetting@FramedSource@@SAXPAV1@@Z 10008073 f   live555:FramedSource.obj
 0001:0000709d       ?handleClosure@FramedSource@@SAXPAX@Z 1000809d f   live555:FramedSource.obj
 0001:000070b6       ?doStopGettingFrames@FramedSource@@MAEXXZ 100080b6 f   live555:FramedSource.obj
 0001:000070ca       ?maxFrameSize@FramedSource@@UBEIXZ 100080ca f   live555:FramedSource.obj
 0001:000070cd       ??0BasicUsageEnvironment@@IAE@AAVTaskScheduler@@@Z 100080cd f   live555:BasicUsageEnvironment.obj
 0001:00007135       ??_GBasicUsageEnvironment@@MAEPAXI@Z 10008135 f i live555:BasicUsageEnvironment.obj
 0001:00007135       ??_GUsageEnvironment@@MAEPAXI@Z 10008135 f i live555:UsageEnvironment.obj
 0001:00007135       ??_EBasicUsageEnvironment@@MAEPAXI@Z 10008135 f i * CIL library *:* CIL module *
 0001:00007135       ??_EUsageEnvironment@@MAEPAXI@Z 10008135 f i * CIL library *:* CIL module *
 0001:00007155       ?getErrno@BasicUsageEnvironment@@UBEHXZ 10008155 f   live555:BasicUsageEnvironment.obj
 0001:0000715b       ??6BasicUsageEnvironment@@UAEAAVUsageEnvironment@@PBD@Z 1000815b f   live555:BasicUsageEnvironment.obj
 0001:0000718e       ??6BasicUsageEnvironment@@UAEAAVUsageEnvironment@@H@Z 1000818e f   live555:BasicUsageEnvironment.obj
 0001:000071b6       ??6BasicUsageEnvironment@@UAEAAVUsageEnvironment@@I@Z 100081b6 f   live555:BasicUsageEnvironment.obj
 0001:000071de       ??6BasicUsageEnvironment@@UAEAAVUsageEnvironment@@N@Z 100081de f   live555:BasicUsageEnvironment.obj
 0001:0000720f       ??6BasicUsageEnvironment@@UAEAAVUsageEnvironment@@PAX@Z 1000820f f   live555:BasicUsageEnvironment.obj
 0001:00007237       ??_GMediaSink@@MAEPAXI@Z   10008237 f i live555:MediaSink.obj
 0001:00007237       ??_EMediaSink@@MAEPAXI@Z   10008237 f i * CIL library *:* CIL module *
 0001:00007256       ??1MediaSink@@MAE@XZ       10008256 f   live555:MediaSink.obj
 0001:00007287       ?sourceIsCompatibleWithUs@MediaSink@@MAE_NAAVMediaSource@@@Z 10008287 f   live555:MediaSink.obj
 0001:00007296       ?startPlaying@MediaSink@@QAE_NAAVMediaSource@@P6AXPAX@Z1@Z 10008296 f   live555:MediaSink.obj
 0001:000072ea       ?stopPlaying@MediaSink@@UAEXXZ 100082ea f   live555:MediaSink.obj
 0001:00007316       ?onSourceClosure@MediaSink@@KAXPAX@Z 10008316 f   live555:MediaSink.obj
 0001:0000732f       ?isMPEG1or2VideoStreamFramer@MediaSource@@UBE_NXZ 1000832f f   live555:MediaSource.obj
 0001:0000732f       ?isAMRAudioSource@MediaSource@@UBE_NXZ 1000832f f   live555:MediaSource.obj
 0001:0000732f       ?isMPEG4VideoStreamFramer@MediaSource@@UBE_NXZ 1000832f f   live555:MediaSource.obj
 0001:0000732f       ?isMediaSession@Medium@@UBE_NXZ 1000832f f   live555:Media.obj
 0001:0000732f       ?isServerMediaSession@Medium@@UBE_NXZ 1000832f f   live555:Media.obj
 0001:0000732f       ?isFramedSource@MediaSource@@UBE_NXZ 1000832f f   live555:MediaSource.obj
 0001:0000732f       ?isRTSPClient@Medium@@UBE_NXZ 1000832f f   live555:Media.obj
 0001:0000732f       ?isRTPSource@MediaSource@@UBE_NXZ 1000832f f   live555:MediaSource.obj
 0001:0000732f       ?isDarwinInjector@Medium@@UBE_NXZ 1000832f f   live555:Media.obj
 0001:0000732f       ?isJPEGVideoSource@MediaSource@@UBE_NXZ 1000832f f   live555:MediaSource.obj
 0001:0000732f       ?isSource@Medium@@UBE_NXZ  1000832f f   live555:Media.obj
 0001:0000732f       ?isSink@Medium@@UBE_NXZ    1000832f f   live555:Media.obj
 0001:0000732f       ?isH264VideoStreamFramer@MediaSource@@UBE_NXZ 1000832f f   live555:MediaSource.obj
 0001:0000732f       ?isRTSPServer@Medium@@UBE_NXZ 1000832f f   live555:Media.obj
 0001:0000732f       ?isRTCPInstance@Medium@@UBE_NXZ 1000832f f   live555:Media.obj
 0001:0000732f       ?isDVVideoStreamFramer@MediaSource@@UBE_NXZ 1000832f f   live555:MediaSource.obj
 0001:0000732f       ?isRTPSink@MediaSink@@UBE_NXZ 1000832f f   live555:MediaSink.obj
 0001:00007332       ??0OutPacketBuffer@@QAE@II@Z 10008332 f   live555:MediaSink.obj
 0001:00007388       ?enqueue@OutPacketBuffer@@QAEXPBEI@Z 10008388 f   live555:MediaSink.obj
 0001:000073c3       ?enqueueWord@OutPacketBuffer@@QAEXI@Z 100083c3 f   live555:MediaSink.obj
 0001:000073e7       ??0BasicTaskScheduler@@IAE@I@Z 100083e7 f   live555:BasicTaskScheduler.obj
 0001:0000743b       ??_GBasicTaskScheduler@@UAEPAXI@Z 1000843b f i live555:BasicTaskScheduler.obj
 0001:0000743b       ??_EBasicTaskScheduler@@UAEPAXI@Z 1000843b f i * CIL library *:* CIL module *
 0001:00007460       ?schedulerTickTask@BasicTaskScheduler@@KAXPAX@Z 10008460 f   live555:BasicTaskScheduler.obj
 0001:00007480       ?schedulerTickTask@BasicTaskScheduler@@IAEXXZ 10008480 f   live555:BasicTaskScheduler.obj
 0001:0000749d       ?SingleStep@BasicTaskScheduler@@MAEXI@Z 1000849d f   live555:BasicTaskScheduler.obj
 0001:000079fb       ?setBackgroundHandling@BasicTaskScheduler@@MAEXHHP6AXPAXH@Z0@Z 100089fb f   live555:BasicTaskScheduler.obj
 0001:00007c30       ?moveSocketHandling@BasicTaskScheduler@@MAEXHH@Z 10008c30 f   live555:BasicTaskScheduler.obj
 0001:00007e10       ?sendDescribeCommand@RTSPClient@@QAEIP6AXPAV1@HPAD@ZPAVAuthenticator@@@Z 10008e10 f   live555:RTSPClient.obj
 0001:00007e95       ?sendOptionsCommand@RTSPClient@@QAEIP6AXPAV1@HPAD@ZPAVAuthenticator@@@Z 10008e95 f   live555:RTSPClient.obj
 0001:00007f1a       ?sendSetupCommand@RTSPClient@@QAEIAAVMediaSubsession@@P6AXPAV1@HPAD@Z_N44PAVAuthenticator@@@Z 10008f1a f   live555:RTSPClient.obj
 0001:00007fa7       ?parseRTSPURL@RTSPClient@@SA_NAAVUsageEnvironment@@PBDAAPAD2AAVNetAddress@@AAGPAPBD@Z 10008fa7 f   live555:RTSPClient.obj
 0001:00008254       ??0RTSPClient@@IAE@AAVUsageEnvironment@@PBDH1G@Z 10009254 f   live555:RTSPClient.obj
 0001:000083ab       ??_ERTSPClient@@MAEPAXI@Z  100093ab f i * CIL library *:* CIL module *
 0001:000083ab       ??_GRTSPClient@@MAEPAXI@Z  100093ab f i live555:RTSPClient.obj
 0001:000083ca       ??1RTSPClient@@MAE@XZ      100093ca f   live555:RTSPClient.obj
 0001:00008478       ?resetTCPSockets@RTSPClient@@AAEXXZ 10009478 f   live555:RTSPClient.obj
 0001:000084c9       ?setBaseURL@RTSPClient@@IAEXPBD@Z 100094c9 f   live555:RTSPClient.obj
 0001:000084e8       ?openConnection@RTSPClient@@AAEHXZ 100094e8 f   live555:RTSPClient.obj
 0001:000085f9       ?connectToServer@RTSPClient@@AAEHHG@Z 100095f9 f   live555:RTSPClient.obj
 0001:00008725       ?createAuthenticatorString@RTSPClient@@AAEPADPBD0@Z 10009725 f   live555:RTSPClient.obj
 0001:00008ac0       ?sendRequest@RTSPClient@@MAEIPAVRequestRecord@1@@Z 10009ac0 f   live555:RTSPClient.obj
 0001:000094c0       ?handleRequestError@RTSPClient@@AAEXPAVRequestRecord@1@@Z 1000a4c0 f   live555:RTSPClient.obj
 0001:00009503       ?parseResponseCode@RTSPClient@@AAE_NPBDAAIAAPBD@Z 1000a503 f   live555:RTSPClient.obj
 0001:0000957e       ?handleIncomingRequest@RTSPClient@@AAEXXZ 1000a57e f   live555:RTSPClient.obj
 0001:00009653       ?checkForHeader@RTSPClient@@CA_NPBD0IAAPBD@Z 1000a653 f   live555:RTSPClient.obj
 0001:0000967c       ?parseTransportParams@RTSPClient@@AAE_NPBDAAPADAAGAAE3@Z 1000a67c f   live555:RTSPClient.obj
 0001:00009893       ?parseScaleParam@RTSPClient@@AAE_NPBDAAM@Z 1000a893 f   live555:RTSPClient.obj
 0001:000098f6       ?parseRTPInfoParams@RTSPClient@@AAE_NAAPBDAAGAAI@Z 1000a8f6 f   live555:RTSPClient.obj
 0001:000099d3       ?handleSETUPResponse@RTSPClient@@AAE_NAAVMediaSubsession@@PBD1_N@Z 1000a9d3 f   live555:RTSPClient.obj
 0001:00009bba       ?handlePLAYResponse@RTSPClient@@AAE_NAAVMediaSession@@AAVMediaSubsession@@PBD22@Z 1000abba f   live555:RTSPClient.obj
 0001:00009d29       ?handleGET_PARAMETERResponse@RTSPClient@@AAE_NPBDAAPAD@Z 1000ad29 f   live555:RTSPClient.obj
 0001:00009dc7       ?handleAuthenticationFailure@RTSPClient@@AAE_NPBD@Z 1000adc7 f   live555:RTSPClient.obj
 0001:00009e90       ?resendCommand@RTSPClient@@AAE_NPAVRequestRecord@1@@Z 1000ae90 f   live555:RTSPClient.obj
 0001:00009ee4       ?sessionURL@RTSPClient@@ABEPBDABVMediaSession@@@Z 1000aee4 f   live555:RTSPClient.obj
 0001:00009f07       ?handleAlternativeRequestByte@RTSPClient@@CAXPAXE@Z 1000af07 f   live555:RTSPClient.obj
 0001:00009f50       ?constructSubsessionURL@RTSPClient@@AAEXABVMediaSubsession@@AAPBD11@Z 1000af50 f   live555:RTSPClient.obj
 0001:00009fd5       ?setupHTTPTunneling1@RTSPClient@@AAE_NXZ 1000afd5 f   live555:RTSPClient.obj
 0001:0000a074       ?responseHandlerForHTTP_GET@RTSPClient@@CAXPAV1@HPAD@Z 1000b074 f   live555:RTSPClient.obj
 0001:0000a08b       ?responseHandlerForHTTP_GET1@RTSPClient@@AAEXHPAD@Z 1000b08b f   live555:RTSPClient.obj
 0001:0000a17d       ?setupHTTPTunneling2@RTSPClient@@AAE_NXZ 1000b17d f   live555:RTSPClient.obj
 0001:0000a1f3       ?connectionHandler@RTSPClient@@CAXPAXH@Z 1000b1f3 f   live555:RTSPClient.obj
 0001:0000a1ff       ?connectionHandler1@RTSPClient@@AAEXXZ 1000b1ff f   live555:RTSPClient.obj
 0001:0000a339       ?incomingDataHandler@RTSPClient@@CAXPAXH@Z 1000b339 f   live555:RTSPClient.obj
 0001:0000a3b2       ?handleResponseBytes@RTSPClient@@AAEXH@Z 1000b3b2 f   live555:RTSPClient.obj
 0001:0000adb2       ??0RequestRecord@RTSPClient@@QAE@IPBDP6AXPAV1@HPAD@ZPAVMediaSession@@PAVMediaSubsession@@INNM0@Z 1000bdb2 f   live555:RTSPClient.obj
 0001:0000ae1a       ??_ERequestRecord@RTSPClient@@UAEPAXI@Z 1000be1a f i * CIL library *:* CIL module *
 0001:0000ae1a       ??_GRequestRecord@RTSPClient@@UAEPAXI@Z 1000be1a f i live555:RTSPClient.obj
 0001:0000ae39       ??1RequestRecord@RTSPClient@@UAE@XZ 1000be39 f   live555:RTSPClient.obj
 0001:0000ae6c       ??_GRequestQueue@RTSPClient@@UAEPAXI@Z 1000be6c f i live555:RTSPClient.obj
 0001:0000ae6c       ??_ERequestQueue@RTSPClient@@UAEPAXI@Z 1000be6c f i * CIL library *:* CIL module *
 0001:0000ae8b       ??0RequestQueue@RTSPClient@@QAE@AAV01@@Z 1000be8b f   live555:RTSPClient.obj
 0001:0000aebc       ??1RequestQueue@RTSPClient@@UAE@XZ 1000bebc f   live555:RTSPClient.obj
 0001:0000aed0       ?enqueue@RequestQueue@RTSPClient@@QAEXPAVRequestRecord@2@@Z 1000bed0 f   live555:RTSPClient.obj
 0001:0000aeec       ?dequeue@RequestQueue@RTSPClient@@QAEPAVRequestRecord@2@XZ 1000beec f   live555:RTSPClient.obj
 0001:0000af0f       ?findByCSeq@RequestQueue@RTSPClient@@QAEPAVRequestRecord@2@I@Z 1000bf0f f   live555:RTSPClient.obj
 0001:0000af2e       ?describeURL@RTSPClient@@QAEPADPBDPAVAuthenticator@@_NH@Z 1000bf2e f   live555:RTSPClient.obj
 0001:0000b056       ?sendOptionsCmd@RTSPClient@@QAEPADPBDPAD1PAVAuthenticator@@H@Z 1000c056 f   live555:RTSPClient.obj
 0001:0000b1f0       ?playMediaSession@RTSPClient@@QAE_NAAVMediaSession@@NNM@Z 1000c1f0 f   live555:RTSPClient.obj
 0001:0000b2a7       ?teardownMediaSession@RTSPClient@@QAE_NAAVMediaSession@@@Z 1000c2a7 f   live555:RTSPClient.obj
 0001:0000b327       ?parseRTSPURLUsernamePassword@RTSPClient@@SA_NPBDAAPAD1@Z 1000c327 f   live555:RTSPClient.obj
 0001:0000b3c6       ?responseHandlerForSyncInterface@RTSPClient@@CAXPAV1@HPAD@Z 1000c3c6 f   live555:RTSPClient.obj
 0001:0000b404       ?timeoutHandlerForSyncInterface@RTSPClient@@CAXPAX@Z 1000c404 f   live555:RTSPClient.obj
 0001:0000b416       ?timeoutHandlerForSyncInterface1@RTSPClient@@AAEXXZ 1000c416 f   live555:RTSPClient.obj
 0001:0000b46f       ?internalError@TaskScheduler@@UAEXXZ 1000c46f f   live555:UsageEnvironment.obj
 0001:0000b46f       ?internalError@UsageEnvironment@@UAEXXZ 1000c46f f   live555:UsageEnvironment.obj
 0001:0000b475       ??_ETaskScheduler@@UAEPAXI@Z 1000c475 f i * CIL library *:* CIL module *
 0001:0000b475       ??_GTaskScheduler@@UAEPAXI@Z 1000c475 f i live555:UsageEnvironment.obj
 0001:0000b495       ??1TaskScheduler@@UAE@XZ   1000c495 f   live555:UsageEnvironment.obj
 0001:0000b49c       ?rescheduleDelayedTask@TaskScheduler@@UAEXAAPAX_JP6AXPAX@Z2@Z 1000c49c f   live555:UsageEnvironment.obj
 0001:0000b4c7       ??0Medium@@IAE@AAVUsageEnvironment@@@Z 1000c4c7 f   live555:Media.obj
 0001:0000b524       ??_GMedium@@MAEPAXI@Z      1000c524 f i live555:Media.obj
 0001:0000b524       ??_EMedium@@MAEPAXI@Z      1000c524 f i * CIL library *:* CIL module *
 0001:0000b543       ??1Medium@@MAE@XZ          1000c543 f   live555:Media.obj
 0001:0000b55d       ?close@Medium@@SAXAAVUsageEnvironment@@PBD@Z 1000c55d f   live555:Media.obj
 0001:0000b5d2       ?close@Medium@@SAXPAV1@@Z  1000c5d2 f   live555:Media.obj
 0001:0000b5e2       ?getOurTables@_Tables@@SAPAV1@AAVUsageEnvironment@@_N@Z 1000c5e2 f   live555:Media.obj
 0001:0000b619       ??_E_Tables@@MAEPAXI@Z     1000c619 f i * CIL library *:* CIL module *
 0001:0000b619       ??_G_Tables@@MAEPAXI@Z     1000c619 f i live555:Media.obj
 0001:0000b639       ?ourMedia@MediaLookupTable@@SAPAV1@AAVUsageEnvironment@@@Z 1000c639 f   live555:Media.obj
 0001:0000b693       ??_GMediaLookupTable@@MAEPAXI@Z 1000c693 f i live555:Media.obj
 0001:0000b693       ??_EMediaLookupTable@@MAEPAXI@Z 1000c693 f i * CIL library *:* CIL module *
 0001:0000b6b2       ??1MediaLookupTable@@MAE@XZ 1000c6b2 f   live555:Media.obj
 0001:0000b6c6       ?createNew@H264VideoRTPSource@@SAPAV1@AAVUsageEnvironment@@PAVGroupsock@@EI@Z 1000c6c6 f   live555:H264VideoRTPSource.obj
 0001:0000b72b       ??_EH264VideoRTPSource@@MAEPAXI@Z 1000c72b f i * CIL library *:* CIL module *
 0001:0000b72b       ??_GH264VideoRTPSource@@MAEPAXI@Z 1000c72b f i live555:H264VideoRTPSource.obj
 0001:0000b750       ??_GVorbisBufferedPacketFactory@@UAEPAXI@Z 1000c750 f i live555:VorbisAudioRTPSource.obj
 0001:0000b750       ??_GADUBufferedPacketFactory@@UAEPAXI@Z 1000c750 f i live555:MP3ADURTPSource.obj
 0001:0000b750       ??_EVorbisBufferedPacketFactory@@UAEPAXI@Z 1000c750 f i * CIL library *:* CIL module *
 0001:0000b750       ??_ELATMBufferedPacketFactory@@UAEPAXI@Z 1000c750 f i * CIL library *:* CIL module *
 0001:0000b750       ??_EBufferedPacketFactory@@UAEPAXI@Z 1000c750 f i * CIL library *:* CIL module *
 0001:0000b750       ??_GBufferedPacketFactory@@UAEPAXI@Z 1000c750 f i live555:MultiFramedRTPSource.obj
 0001:0000b750       ??_EADUBufferedPacketFactory@@UAEPAXI@Z 1000c750 f i * CIL library *:* CIL module *
 0001:0000b750       ??_GH264BufferedPacketFactory@@UAEPAXI@Z 1000c750 f i live555:H264VideoRTPSource.obj
 0001:0000b750       ??_GQTGenericBufferedPacketFactory@@UAEPAXI@Z 1000c750 f i live555:QuickTimeGenericRTPSource.obj
 0001:0000b750       ??_EH264BufferedPacketFactory@@UAEPAXI@Z 1000c750 f i * CIL library *:* CIL module *
 0001:0000b750       ??_EQCELPBufferedPacketFactory@@UAEPAXI@Z 1000c750 f i * CIL library *:* CIL module *
 0001:0000b750       ??_GLATMBufferedPacketFactory@@UAEPAXI@Z 1000c750 f i live555:MPEG4LATMAudioRTPSource.obj
 0001:0000b750       ??_EJPEGBufferedPacketFactory@@UAEPAXI@Z 1000c750 f i * CIL library *:* CIL module *
 0001:0000b750       ??_GAMRBufferedPacketFactory@@UAEPAXI@Z 1000c750 f i live555:AMRAudioRTPSource.obj
 0001:0000b750       ??_GJPEGBufferedPacketFactory@@UAEPAXI@Z 1000c750 f i live555:JPEGVideoRTPSource.obj
 0001:0000b750       ??_EQTGenericBufferedPacketFactory@@UAEPAXI@Z 1000c750 f i * CIL library *:* CIL module *
 0001:0000b750       ??_EMPEG4GenericBufferedPacketFactory@@UAEPAXI@Z 1000c750 f i * CIL library *:* CIL module *
 0001:0000b750       ??_GMPEG4GenericBufferedPacketFactory@@UAEPAXI@Z 1000c750 f i live555:MPEG4GenericRTPSource.obj
 0001:0000b750       ??_GQCELPBufferedPacketFactory@@UAEPAXI@Z 1000c750 f i live555:QCELPAudioRTPSource.obj
 0001:0000b750       ??_EAMRBufferedPacketFactory@@UAEPAXI@Z 1000c750 f i * CIL library *:* CIL module *
 0001:0000b770       ?processSpecialHeader@H264VideoRTPSource@@MAE_NPAVBufferedPacket@@AAI@Z 1000c770 f   live555:H264VideoRTPSource.obj
 0001:0000b80b       ?MIMEtype@H264VideoRTPSource@@MBEPBDXZ 1000c80b f   live555:H264VideoRTPSource.obj
 0001:0000b811       ?parseSPropParameterSets@@YAPAVSPropRecord@@PBDAAI@Z 1000c811 f   live555:H264VideoRTPSource.obj
 0001:0000b8d8       ??_EH264BufferedPacket@@UAEPAXI@Z 1000c8d8 f i * CIL library *:* CIL module *
 0001:0000b8d8       ??_GH264BufferedPacket@@UAEPAXI@Z 1000c8d8 f i live555:H264VideoRTPSource.obj
 0001:0000b8fd       ?nextEnclosedFrameSize@H264BufferedPacket@@EAEIAAPAEI@Z 1000c8fd f   live555:H264VideoRTPSource.obj
 0001:0000b98d       ?createNewPacket@H264BufferedPacketFactory@@EAEPAVBufferedPacket@@PAVMultiFramedRTPSource@@@Z 1000c98d f   live555:H264VideoRTPSource.obj
 0001:0000b9d0       ?createNew@H263plusVideoRTPSource@@SAPAV1@AAVUsageEnvironment@@PAVGroupsock@@EI@Z 1000c9d0 f   live555:H263plusVideoRTPSource.obj
 0001:0000ba2a       ??_GH263plusVideoRTPSource@@MAEPAXI@Z 1000ca2a f i live555:H263plusVideoRTPSource.obj
 0001:0000ba2a       ??_EH263plusVideoRTPSource@@MAEPAXI@Z 1000ca2a f i * CIL library *:* CIL module *
 0001:0000ba4f       ?processSpecialHeader@H263plusVideoRTPSource@@EAE_NPAVBufferedPacket@@AAI@Z 1000ca4f f   live555:H263plusVideoRTPSource.obj
 0001:0000bb73       ?MIMEtype@H263plusVideoRTPSource@@EBEPBDXZ 1000cb73 f   live555:H263plusVideoRTPSource.obj
 0001:0000bb79       ?hasBeenSynchronizedUsingRTCP@RTPSource@@UAE_NXZ 1000cb79 f   live555:RTPSource.obj
 0001:0000bb80       ??0RTPSource@@IAE@AAVUsageEnvironment@@PAVGroupsock@@EI@Z 1000cb80 f   live555:RTPSource.obj
 0001:0000bc29       ??_ERTPSource@@MAEPAXI@Z   1000cc29 f i * CIL library *:* CIL module *
 0001:0000bc29       ??_GRTPSource@@MAEPAXI@Z   1000cc29 f i live555:RTPSource.obj
 0001:0000bc48       ??1RTPSource@@MAE@XZ       1000cc48 f   live555:RTPSource.obj
 0001:0000bc97       ?getAttributes@RTPSource@@EBEXXZ 1000cc97 f   live555:RTPSource.obj
 0001:0000bca5       ??_GRTPReceptionStatsDB@@MAEPAXI@Z 1000cca5 f i live555:RTPSource.obj
 0001:0000bca5       ??_ERTPReceptionStatsDB@@MAEPAXI@Z 1000cca5 f i * CIL library *:* CIL module *
 0001:0000bcc4       ?reset@RTPReceptionStatsDB@@QAEXXZ 1000ccc4 f   live555:RTPSource.obj
 0001:0000bd25       ??1RTPReceptionStatsDB@@MAE@XZ 1000cd25 f   live555:RTPSource.obj
 0001:0000bd55       ?noteIncomingPacket@RTPReceptionStatsDB@@QAEXIGII_NAAUtimeval@@AA_NI@Z 1000cd55 f   live555:RTPSource.obj
 0001:0000bde5       ?noteIncomingSR@RTPReceptionStatsDB@@QAEXIIII@Z 1000cde5 f   live555:RTPSource.obj
 0001:0000be46       ??_GIterator@RTPReceptionStatsDB@@UAEPAXI@Z 1000ce46 f i live555:RTPSource.obj
 0001:0000be46       ??_EIterator@RTPReceptionStatsDB@@UAEPAXI@Z 1000ce46 f i * CIL library *:* CIL module *
 0001:0000be65       ??1Iterator@RTPReceptionStatsDB@@UAE@XZ 1000ce65 f   live555:RTPSource.obj
 0001:0000be79       ??_ERTPReceptionStats@@MAEPAXI@Z 1000ce79 f i * CIL library *:* CIL module *
 0001:0000be79       ??_GRTPReceptionStats@@MAEPAXI@Z 1000ce79 f i live555:RTPSource.obj
 0001:0000be99       ?init@RTPReceptionStats@@AAEXI@Z 1000ce99 f   live555:RTPSource.obj
 0001:0000bef7       ?noteIncomingPacket@RTPReceptionStats@@AAEXGII_NAAUtimeval@@AA_NI@Z 1000cef7 f   live555:RTPSource.obj
 0001:0000c1b9       ?noteIncomingSR@RTPReceptionStats@@AAEXIII@Z 1000d1b9 f   live555:RTPSource.obj
 0001:0000c223       ?seqNumLT@@YA_NGG@Z        1000d223 f   live555:RTPSource.obj
 0001:0000c236       ?createNew@VorbisAudioRTPSource@@SAPAV1@AAVUsageEnvironment@@PAVGroupsock@@EI@Z 1000d236 f   live555:VorbisAudioRTPSource.obj
 0001:0000c2a2       ??_EVorbisAudioRTPSource@@MAEPAXI@Z 1000d2a2 f i * CIL library *:* CIL module *
 0001:0000c2a2       ??_GVorbisAudioRTPSource@@MAEPAXI@Z 1000d2a2 f i live555:VorbisAudioRTPSource.obj
 0001:0000c2c7       ?processSpecialHeader@VorbisAudioRTPSource@@MAE_NPAVBufferedPacket@@AAI@Z 1000d2c7 f   live555:VorbisAudioRTPSource.obj
 0001:0000c342       ?MIMEtype@VorbisAudioRTPSource@@MBEPBDXZ 1000d342 f   live555:VorbisAudioRTPSource.obj
 0001:0000c348       ??_GVorbisBufferedPacket@@UAEPAXI@Z 1000d348 f i live555:VorbisAudioRTPSource.obj
 0001:0000c348       ??_EVorbisBufferedPacket@@UAEPAXI@Z 1000d348 f i * CIL library *:* CIL module *
 0001:0000c36d       ?nextEnclosedFrameSize@VorbisBufferedPacket@@EAEIAAPAEI@Z 1000d36d f   live555:VorbisAudioRTPSource.obj
 0001:0000c3a2       ?createNewPacket@VorbisBufferedPacketFactory@@EAEPAVBufferedPacket@@PAVMultiFramedRTPSource@@@Z 1000d3a2 f   live555:VorbisAudioRTPSource.obj
 0001:0000c3df       ??_ELocale@@UAEPAXI@Z      1000d3df f i * CIL library *:* CIL module *
 0001:0000c3df       ??_GLocale@@UAEPAXI@Z      1000d3df f i live555:Locale.obj
 0001:0000c3fe       ??1Locale@@UAE@XZ          1000d3fe f   live555:Locale.obj
 0001:0000c426       ?createNew@SimpleRTPSource@@SAPAV1@AAVUsageEnvironment@@PAVGroupsock@@EIPBDI_N@Z 1000d426 f   live555:SimpleRTPSource.obj
 0001:0000c46c       ??0SimpleRTPSource@@IAE@AAVUsageEnvironment@@PAVGroupsock@@EIPBDI_N@Z 1000d46c f   live555:SimpleRTPSource.obj
 0001:0000c4de       ??_ESimpleRTPSource@@MAEPAXI@Z 1000d4de f i * CIL library *:* CIL module *
 0001:0000c4de       ??_GSimpleRTPSource@@MAEPAXI@Z 1000d4de f i live555:SimpleRTPSource.obj
 0001:0000c4fd       ??1SimpleRTPSource@@MAE@XZ 1000d4fd f   live555:SimpleRTPSource.obj
 0001:0000c51a       ?processSpecialHeader@SimpleRTPSource@@EAE_NPAVBufferedPacket@@AAI@Z 1000d51a f   live555:SimpleRTPSource.obj
 0001:0000c54d       ?MIMEtype@SimpleRTPSource@@EBEPBDXZ 1000d54d f   live555:SimpleRTPSource.obj
 0001:0000c55e       ?createNew@QCELPAudioRTPSource@@SAPAVFramedSource@@AAVUsageEnvironment@@PAVGroupsock@@AAPAVRTPSource@@EI@Z 1000d55e f   live555:QCELPAudioRTPSource.obj
 0001:0000c5ef       ??0RawQCELPRTPSource@@AAE@AAVUsageEnvironment@@PAVGroupsock@@EI@Z 1000d5ef f   live555:QCELPAudioRTPSource.obj
 0001:0000c644       ??_ERawQCELPRTPSource@@EAEPAXI@Z 1000d644 f i * CIL library *:* CIL module *
 0001:0000c644       ??_GRawQCELPRTPSource@@EAEPAXI@Z 1000d644 f i live555:QCELPAudioRTPSource.obj
 0001:0000c669       ?processSpecialHeader@RawQCELPRTPSource@@EAE_NPAVBufferedPacket@@AAI@Z 1000d669 f   live555:QCELPAudioRTPSource.obj
 0001:0000c6d8       ?MIMEtype@RawQCELPRTPSource@@EBEPBDXZ 1000d6d8 f   live555:QCELPAudioRTPSource.obj
 0001:0000c6de       ?hasBeenSynchronizedUsingRTCP@RawQCELPRTPSource@@EAE_NXZ 1000d6de f   live555:QCELPAudioRTPSource.obj
 0001:0000c6ff       ??_GQCELPBufferedPacket@@UAEPAXI@Z 1000d6ff f i live555:QCELPAudioRTPSource.obj
 0001:0000c6ff       ??_EQCELPBufferedPacket@@UAEPAXI@Z 1000d6ff f i * CIL library *:* CIL module *
 0001:0000c724       ?nextEnclosedFrameSize@QCELPBufferedPacket@@EAEIAAPAEI@Z 1000d724 f   live555:QCELPAudioRTPSource.obj
 0001:0000c773       ?createNewPacket@QCELPBufferedPacketFactory@@EAEPAVBufferedPacket@@PAVMultiFramedRTPSource@@@Z 1000d773 f   live555:QCELPAudioRTPSource.obj
 0001:0000c7b6       ??0QCELPDeinterleaver@@AAE@AAVUsageEnvironment@@PAVRawQCELPRTPSource@@@Z 1000d7b6 f   live555:QCELPAudioRTPSource.obj
 0001:0000c80d       ??_GQCELPDeinterleaver@@EAEPAXI@Z 1000d80d f i live555:QCELPAudioRTPSource.obj
 0001:0000c80d       ??_EQCELPDeinterleaver@@EAEPAXI@Z 1000d80d f i * CIL library *:* CIL module *
 0001:0000c82c       ??1QCELPDeinterleaver@@EAE@XZ 1000d82c f   live555:QCELPAudioRTPSource.obj
 0001:0000c865       ?doGetNextFrame@QCELPDeinterleaver@@EAEXXZ 1000d865 f   live555:QCELPAudioRTPSource.obj
 0001:0000c8c5       ?doStopGettingFrames@QCELPDeinterleaver@@EAEXXZ 1000d8c5 f   live555:QCELPAudioRTPSource.obj
 0001:0000c8d5       ?afterGettingFrame@QCELPDeinterleaver@@CAXPAXIIUtimeval@@I@Z 1000d8d5 f   live555:QCELPAudioRTPSource.obj
 0001:0000c922       ??0QCELPDeinterleavingBuffer@@QAE@XZ 1000d922 f   live555:QCELPAudioRTPSource.obj
 0001:0000c978       ??_EQCELPDeinterleavingBuffer@@UAEPAXI@Z 1000d978 f i * CIL library *:* CIL module *
 0001:0000c978       ??_GQCELPDeinterleavingBuffer@@UAEPAXI@Z 1000d978 f i live555:QCELPAudioRTPSource.obj
 0001:0000c997       ??1QCELPDeinterleavingBuffer@@UAE@XZ 1000d997 f   live555:QCELPAudioRTPSource.obj
 0001:0000c9c1       ?deliverIncomingFrame@QCELPDeinterleavingBuffer@@QAEXIEEEGUtimeval@@@Z 1000d9c1 f   live555:QCELPAudioRTPSource.obj
 0001:0000cb09       ?retrieveFrame@QCELPDeinterleavingBuffer@@QAE_NPAEIAAI1AAUtimeval@@@Z 1000db09 f   live555:QCELPAudioRTPSource.obj
 0001:0000cbde       ??0FrameDescriptor@QCELPDeinterleavingBuffer@@QAE@XZ 1000dbde f   live555:QCELPAudioRTPSource.obj
 0001:0000cbef       ??_EFrameDescriptor@QCELPDeinterleavingBuffer@@UAEPAXI@Z 1000dbef f i * CIL library *:* CIL module *
 0001:0000cbef       ??_GFrameDescriptor@QCELPDeinterleavingBuffer@@UAEPAXI@Z 1000dbef f i live555:QCELPAudioRTPSource.obj
 0001:0000cc0e       ??1FrameDescriptor@QCELPDeinterleavingBuffer@@UAE@XZ 1000dc0e f   live555:QCELPAudioRTPSource.obj
 0001:0000cc1e       ??_EH261VideoRTPSource@@MAEPAXI@Z 1000dc1e f i * CIL library *:* CIL module *
[...]
 0002:00011274       __ehfuncinfo$?teardownMediaSession@RTSPClient@@QAE_NAAVMediaSession@@@Z 1002c274     * CIL library *:* CIL module *
 0002:00011298       __unwindtable$?teardownMediaSession@RTSPClient@@QAE_NAAVMediaSession@@@Z 1002c298     * CIL library *:* CIL module *
 0002:000112a0       __ehfuncinfo$?createNew@JPEGVideoRTPSource@@SAPAV1@AAVUsageEnvironment@@PAVGroupsock@@EIII@Z 1002c2a0     * CIL library *:* CIL module *
 0002:000112a0       __ehfuncinfo$?lookupSocketDescriptor@@YAPAVSocketDescriptor@@AAVUsageEnvironment@@H_N@Z 1002c2a0     * CIL library *:* CIL module *
 0002:000112a0       __ehfuncinfo$?createNew@H264VideoRTPSource@@SAPAV1@AAVUsageEnvironment@@PAVGroupsock@@EI@Z 1002c2a0     * CIL library *:* CIL module *
 0002:000112a0       __ehfuncinfo$?createNew@VorbisAudioRTPSource@@SAPAV1@AAVUsageEnvironment@@PAVGroupsock@@EI@Z 1002c2a0     * CIL library *:* CIL module *
 0002:000112a0       __ehfuncinfo$?createNew@MPEG4LATMAudioRTPSource@@SAPAV1@AAVUsageEnvironment@@PAVGroupsock@@EI@Z 1002c2a0     * CIL library *:* CIL module *
 0002:000112a0       __ehfuncinfo$?createNew@MP3ADURTPSource@@SAPAV1@AAVUsageEnvironment@@PAVGroupsock@@EI@Z 1002c2a0     * CIL library *:* CIL module *
 0002:000112c4       __unwindtable$?createNew@MPEG4LATMAudioRTPSource@@SAPAV1@AAVUsageEnvironment@@PAVGroupsock@@EI@Z 1002c2c4     * CIL library *:* CIL module *
 0002:000112c4       __unwindtable$?createNew@JPEGVideoRTPSource@@SAPAV1@AAVUsageEnvironment@@PAVGroupsock@@EIII@Z 1002c2c4     * CIL library *:* CIL module *
 0002:000112c4       __unwindtable$?createNew@VorbisAudioRTPSource@@SAPAV1@AAVUsageEnvironment@@PAVGroupsock@@EI@Z 1002c2c4     * CIL library *:* CIL module *
 0002:000112c4       __unwindtable$?createNew@MP3ADURTPSource@@SAPAV1@AAVUsageEnvironment@@PAVGroupsock@@EI@Z 1002c2c4     * CIL library *:* CIL module *
 0002:000112c4       __unwindtable$?createNew@H264VideoRTPSource@@SAPAV1@AAVUsageEnvironment@@PAVGroupsock@@EI@Z 1002c2c4     * CIL library *:* CIL module *
 0002:000112c4       __unwindtable$?lookupSocketDescriptor@@YAPAVSocketDescriptor@@AAVUsageEnvironment@@H_N@Z 1002c2c4     * CIL library *:* CIL module *
 0002:000112cc       __ehfuncinfo$??0RTPSource@@IAE@AAVUsageEnvironment@@PAVGroupsock@@EI@Z 1002c2cc     * CIL library *:* CIL module *
 0002:000112f0       __unwindtable$??0RTPSource@@IAE@AAVUsageEnvironment@@PAVGroupsock@@EI@Z 1002c2f0     * CIL library *:* CIL module *
 0002:00011308       __ehfuncinfo$??1RTPSource@@MAE@XZ 1002c308     * CIL library *:* CIL module *
 0002:0001132c       __unwindtable$??1RTPSource@@MAE@XZ 1002c32c     * CIL library *:* CIL module *
 0002:0001133c       __ehfuncinfo$?reset@RTPReceptionStatsDB@@QAEXXZ 1002c33c     * CIL library *:* CIL module *
 0002:00011360       __unwindtable$?reset@RTPReceptionStatsDB@@QAEXXZ 1002c360     * CIL library *:* CIL module *
 0002:00011368       __ehfuncinfo$??0SimpleRTPSource@@IAE@AAVUsageEnvironment@@PAVGroupsock@@EIPBDI_N@Z 1002c368     * CIL library *:* CIL module *
 0002:00011368       __ehfuncinfo$??0QuickTimeGenericRTPSource@@AAE@AAVUsageEnvironment@@PAVGroupsock@@EIPBD@Z 1002c368     * CIL library *:* CIL module *
 0002:00011368       __ehfuncinfo$??0MPEG4GenericRTPSource@@AAE@AAVUsageEnvironment@@PAVGroupsock@@EIPBD2III@Z 1002c368     * CIL library *:* CIL module *
 0002:0001138c       __unwindtable$??0SimpleRTPSource@@IAE@AAVUsageEnvironment@@PAVGroupsock@@EIPBDI_N@Z 1002c38c     * CIL library *:* CIL module *
 0002:0001138c       __unwindtable$??0QuickTimeGenericRTPSource@@AAE@AAVUsageEnvironment@@PAVGroupsock@@EIPBD@Z 1002c38c     * CIL library *:* CIL module *
 0002:0001138c       __unwindtable$??0MPEG4GenericRTPSource@@AAE@AAVUsageEnvironment@@PAVGroupsock@@EIPBD2III@Z 1002c38c     * CIL library *:* CIL module *
 0002:00011394       __ehfuncinfo$?createNew@QCELPAudioRTPSource@@SAPAVFramedSource@@AAVUsageEnvironment@@PAVGroupsock@@AAPAVRTPSource@@EI@Z 1002c394     * CIL library *:* CIL module *
 0002:000113b8       __unwindtable$?createNew@QCELPAudioRTPSource@@SAPAVFramedSource@@AAVUsageEnvironment@@PAVGroupsock@@AAPAVRTPSource@@EI@Z 1002c3b8     * CIL library *:* CIL module *
 0002:000113c8       __ehfuncinfo$??0QCELPDeinterleaver@@AAE@AAVUsageEnvironment@@PAVRawQCELPRTPSource@@@Z 1002c3c8     * CIL library *:* CIL module *
 0002:000113ec       __unwindtable$??0QCELPDeinterleaver@@AAE@AAVUsageEnvironment@@PAVRawQCELPRTPSource@@@Z 1002c3ec     * CIL library *:* CIL module *
 0002:000113fc       __ehfuncinfo$??1QCELPDeinterleaver@@EAE@XZ 1002c3fc     * CIL library *:* CIL module *
 0002:000113fc       __ehfuncinfo$??1MPEG2TransportStreamFramer@@MAE@XZ 1002c3fc     * CIL library *:* CIL module *
 0002:000113fc       __ehfuncinfo$??0MP3FromADUSource@@IAE@AAVUsageEnvironment@@PAVFramedSource@@_N@Z 1002c3fc     * CIL library *:* CIL module *
 0002:000113fc       __ehfuncinfo$??0MPEG2TransportStreamFramer@@IAE@AAVUsageEnvironment@@PAVFramedSource@@@Z 1002c3fc     * CIL library *:* CIL module *
 0002:00011420       __unwindtable$??1QCELPDeinterleaver@@EAE@XZ 1002c420     * CIL library *:* CIL module *
 0002:00011420       __unwindtable$??0MPEG2TransportStreamFramer@@IAE@AAVUsageEnvironment@@PAVFramedSource@@@Z 1002c420     * CIL library *:* CIL module *
 0002:00011420       __unwindtable$??1MPEG2TransportStreamFramer@@MAE@XZ 1002c420     * CIL library *:* CIL module *
 0002:00011420       __unwindtable$??0MP3FromADUSource@@IAE@AAVUsageEnvironment@@PAVFramedSource@@_N@Z 1002c420     * CIL library *:* CIL module *
 0002:00011428       __ehfuncinfo$??0QCELPDeinterleavingBuffer@@QAE@XZ 1002c428     * CIL library *:* CIL module *
 0002:0001144c       __unwindtable$??0QCELPDeinterleavingBuffer@@QAE@XZ 1002c44c     * CIL library *:* CIL module *
 0002:00011454       __ehfuncinfo$??1BasicUDPSource@@UAE@XZ 1002c454     * CIL library *:* CIL module *
 0002:00011454       __ehfuncinfo$??1AMRDeinterleaver@@EAE@XZ 1002c454     * CIL library *:* CIL module *
 0002:00011454       __ehfuncinfo$??1FramedFilter@@MAE@XZ 1002c454     * CIL library *:* CIL module *
 0002:00011454       __ehfuncinfo$??0BasicUDPSource@@AAE@AAVUsageEnvironment@@PAVGroupsock@@@Z 1002c454     * CIL library *:* CIL module *
 0002:00011478       __unwindtable$??1AMRDeinterleaver@@EAE@XZ 1002c478     * CIL library *:* CIL module *
 0002:00011478       __unwindtable$??1BasicUDPSource@@UAE@XZ 1002c478     * CIL library *:* CIL module *
 0002:00011478       __unwindtable$??1FramedFilter@@MAE@XZ 1002c478     * CIL library *:* CIL module *
 0002:00011478       __unwindtable$??0BasicUDPSource@@AAE@AAVUsageEnvironment@@PAVGroupsock@@@Z 1002c478     * CIL library *:* CIL module *
 0002:00011480       __ehfuncinfo$??0MP3ADUdeinterleaver@@IAE@AAVUsageEnvironment@@PAVFramedSource@@@Z 1002c480     * CIL library *:* CIL module *
 0002:000114a4       __unwindtable$??0MP3ADUdeinterleaver@@IAE@AAVUsageEnvironment@@PAVFramedSource@@@Z 1002c4a4     * CIL library *:* CIL module *
 0002:000114b4       __ehfuncinfo$??1MP3ADUdeinterleaver@@MAE@XZ 1002c4b4     * CIL library *:* CIL module *
 0002:000114d8       __unwindtable$??1MP3ADUdeinterleaver@@MAE@XZ 1002c4d8     * CIL library *:* CIL module *
 0002:000114e0       __ehfuncinfo$??0RTCPInstance@@IAE@AAVUsageEnvironment@@PAVGroupsock@@IPBEPAVRTPSink@@PBVRTPSource@@_N@Z 1002c4e0     * CIL library *:* CIL module *
 0002:00011504       __unwindtable$??0RTCPInstance@@IAE@AAVUsageEnvironment@@PAVGroupsock@@IPBEPAVRTPSink@@PBVRTPSource@@_N@Z 1002c504     * CIL library *:* CIL module *
 0002:00011524       __ehfuncinfo$??1RTCPInstance@@MAE@XZ 1002c524     * CIL library *:* CIL module *
 0002:00011548       __unwindtable$??1RTCPInstance@@MAE@XZ 1002c548     * CIL library *:* CIL module *
 0002:00011560       __ehfuncinfo$?enqueueCommonReportSuffix@RTCPInstance@@AAEXXZ 1002c560     * CIL library *:* CIL module *
 0002:00011584       __unwindtable$?enqueueCommonReportSuffix@RTCPInstance@@AAEXXZ 1002c584     * CIL library *:* CIL module *
 0002:0001158c       __ehfuncinfo$?createNew@AMRAudioRTPSource@@SAPAVAMRAudioSource@@AAVUsageEnvironment@@PAVGroupsock@@AAPAVRTPSource@@E_NI3I33@Z 1002c58c     * CIL library *:* CIL module *
 0002:000115b0       __unwindtable$?createNew@AMRAudioRTPSource@@SAPAVAMRAudioSource@@AAVUsageEnvironment@@PAVGroupsock@@AAPAVRTPSource@@E_NI3I33@Z 1002c5b0     * CIL library *:* CIL module *
 0002:000115c0       __ehfuncinfo$??0AMRDeinterleaver@@AAE@AAVUsageEnvironment@@_NIIPAVRawAMRRTPSource@@@Z 1002c5c0     * CIL library *:* CIL module *
 0002:000115e4       __unwindtable$??0AMRDeinterleaver@@AAE@AAVUsageEnvironment@@_NIIPAVRawAMRRTPSource@@@Z 1002c5e4     * CIL library *:* CIL module *
 0002:000115f4       __ehfuncinfo$??0AMRDeinterleavingBuffer@@QAE@II@Z 1002c5f4     * CIL library *:* CIL module *
 0002:00011618       __unwindtable$??0AMRDeinterleavingBuffer@@QAE@II@Z 1002c618     * CIL library *:* CIL module *
 0002:00011628       __ehfuncinfo$??1destRecord@@UAE@XZ 1002c628     * CIL library *:* CIL module *
 0002:0001164c       __unwindtable$??1destRecord@@UAE@XZ 1002c64c     * CIL library *:* CIL module *
 0002:00011654       __ehfuncinfo$??0Groupsock@@QAE@AAVUsageEnvironment@@ABUin_addr@@VPort@@E@Z 1002c654     * CIL library *:* CIL module *
 0002:00011678       __unwindtable$??0Groupsock@@QAE@AAVUsageEnvironment@@ABUin_addr@@VPort@@E@Z 1002c678     * CIL library *:* CIL module *
 0002:000116a0       __ehfuncinfo$??0Groupsock@@QAE@AAVUsageEnvironment@@ABUin_addr@@1VPort@@@Z 1002c6a0     * CIL library *:* CIL module *
 0002:000116c4       __unwindtable$??0Groupsock@@QAE@AAVUsageEnvironment@@ABUin_addr@@1VPort@@@Z 1002c6c4     * CIL library *:* CIL module *
 0002:000116ec       __ehfuncinfo$??1Groupsock@@UAE@XZ 1002c6ec     * CIL library *:* CIL module *
 0002:00011710       __unwindtable$??1Groupsock@@UAE@XZ 1002c710     * CIL library *:* CIL module *
 0002:00011728       __ehfuncinfo$?changeDestinationParameters@Groupsock@@QAEXABUin_addr@@VPort@@H@Z 1002c728     * CIL library *:* CIL module *
 0002:0001174c       __unwindtable$?changeDestinationParameters@Groupsock@@QAEXABUin_addr@@VPort@@H@Z 1002c74c     * CIL library *:* CIL module *
 0002:0001175c       __ehfuncinfo$?addDestination@Groupsock@@QAEXABUin_addr@@ABVPort@@@Z 1002c75c     * CIL library *:* CIL module *
 0002:00011780       __unwindtable$?addDestination@Groupsock@@QAEXABUin_addr@@ABVPort@@@Z 1002c780     * CIL library *:* CIL module *
 0002:00011790       __ehfuncinfo$?outputToAllMembersExcept@Groupsock@@AAEHPAVDirectedNetInterface@@EPAEII@Z 1002c790     * CIL library *:* CIL module *
 0002:000117b4       __unwindtable$?outputToAllMembersExcept@Groupsock@@AAEHPAVDirectedNetInterface@@EPAEII@Z 1002c7b4     * CIL library *:* CIL module *
 0002:000117bc       __ehfuncinfo$??6@YAAAVUsageEnvironment@@AAV0@ABVGroupsock@@@Z 1002c7bc     * CIL library *:* CIL module *
 0002:000117e0       __unwindtable$??6@YAAAVUsageEnvironment@@AAV0@ABVGroupsock@@@Z 1002c7e0     * CIL library *:* CIL module *
 0002:000117f0       __ehfuncinfo$??0BasicTaskScheduler0@@IAE@XZ 1002c7f0     * CIL library *:* CIL module *
 0002:00011814       __unwindtable$??0BasicTaskScheduler0@@IAE@XZ 1002c814     * CIL library *:* CIL module *
 0002:00011824       __ehfuncinfo$??1BasicTaskScheduler0@@UAE@XZ 1002c824     * CIL library *:* CIL module *
 0002:00011848       __unwindtable$??1BasicTaskScheduler0@@UAE@XZ 1002c848     * CIL library *:* CIL module *
 0002:00011858       __ehfuncinfo$??1HandlerSet@@UAE@XZ 1002c858     * CIL library *:* CIL module *
 0002:0001187c       __unwindtable$??1HandlerSet@@UAE@XZ 1002c87c     * CIL library *:* CIL module *
 0002:00011884       __ehfuncinfo$?parseRangeParam@@YA_NPBDAAN1AAPAD2@Z 1002c884     * CIL library *:* CIL module *
 0002:000118a8       __unwindtable$?parseRangeParam@@YA_NPBDAAN1AAPAD2@Z 1002c8a8     * CIL library *:* CIL module *
 0002:000118b0       __ehfuncinfo$??0MultiFramedRTPSource@@IAE@AAVUsageEnvironment@@PAVGroupsock@@EIPAVBufferedPacketFactory@@@Z 1002c8b0     * CIL library *:* CIL module *
 0002:000118d4       __unwindtable$??0MultiFramedRTPSource@@IAE@AAVUsageEnvironment@@PAVGroupsock@@EIPAVBufferedPacketFactory@@@Z 1002c8d4     * CIL library *:* CIL module *
 0002:000118e4       __ehfuncinfo$??1MultiFramedRTPSource@@MAE@XZ 1002c8e4     * CIL library *:* CIL module *
 0002:00011908       __unwindtable$??1MultiFramedRTPSource@@MAE@XZ 1002c908     * CIL library *:* CIL module *
 0002:00011910       __ehfuncinfo$??0GroupEId@@QAE@ABUin_addr@@GABVScope@@I@Z 1002c910     * CIL library *:* CIL module *
 0002:00011934       __unwindtable$??0GroupEId@@QAE@ABUin_addr@@GABVScope@@I@Z 1002c934     * CIL library *:* CIL module *
 0002:00011940       __sehtable$___DllMainCRTStartup 1002c940     msvcrt:crtdll.obj
 0002:00011968       __sehtable$??_M@YGXPAXIHP6EX0@Z@Z 1002c968     msvcrt:ehvecdtr.obj
 0002:00011988       __sehtable$?__ArrayUnwind@@YGXPAXIHP6EX0@Z@Z 1002c988     msvcrt:ehvecdtr.obj
 0002:000119a8       __sehtable$__IsNonwritableInCurrentImage 1002c9a8     msvcrt:pesect.obj
 0002:000119c8       __sehtable$__onexit        1002c9c8     msvcrt:atonexit.obj
 0002:000119e8       __sehtable$??_L@YGXPAXIHP6EX0@Z1@Z 1002c9e8     msvcrt:ehvecctr.obj
 0002:00011d3c       .idata$6                   1002cd3c     msvcrt:MSVCR120.dll
 0002:00011f38       .idata$6                   1002cf38     kernel32:KERNEL32.dll
 0002:00012048       .idata$6                   1002d048     msvcprt:MSVCP120.dll
 0002:00012056       .idata$6                   1002d056     ws2_32:WS2_32.dll
 0002:000121ba       .idata$6                   1002d1ba     avcodec:avcodec-54.dll
 0002:000121ca       .idata$6                   1002d1ca     avformat:avformat-54.dll
 0002:000121da       .idata$6                   1002d1da     avutil:avutil-51.dll
 0002:000121e8       .idata$6                   1002d1e8     swscale:swscale-2.dll
 0002:000122b6       .idata$6                   1002d2b6     mscoree:mscoree.dll
 0003:00000188       _randtbl                   1002e188     * CIL library *:* CIL module *
 0003:00000208       _fptr                      1002e208     * CIL library *:* CIL module *
 0003:0000020c       _state                     1002e20c     * CIL library *:* CIL module *
 0003:00000210       _rptr                      1002e210     * CIL library *:* CIL module *
 0003:00000214       $SG4294958009              1002e214     * CIL library *:* CIL module *
 0003:00000220       _PADDING                   1002e220     * CIL library *:* CIL module *
 0003:00006688       _DELAY_HOUR                10034688     libapi.obj
 0003:00006690       __Tuple_alloc              10034690     libapi.obj
 0003:00006691       _ignore                    10034691     libapi.obj
 0003:00006692       _allocator_arg             10034692     libapi.obj
 0003:00006693       _piecewise_construct       10034693     libapi.obj
 0003:00006694       _DELAY_MINUTE              10034694     libapi.obj
 0003:0000669c       _DELAY_DAY                 1003469c     libapi.obj
 0003:000066a4       ___proc_attached           100346a4     msvcrt:crtdll.obj
 0003:000066b0       _GS_ExceptionRecord        100346b0     msvcrt:gs_report.obj
 0003:00006700       _GS_ContextRecord          10034700     msvcrt:gs_report.obj
 0003:000069cc       _DebuggerWasPresent        100349cc     msvcrt:gs_report.obj
 0003:00006adc       ___onexitbegin_m           10034adc     msvcmrt:msilexit.obj
 0003:00006ae0       ___onexitend_m             10034ae0     msvcmrt:msilexit.obj
 0003:00006ae4       ___exit_list_size          10034ae4     msvcmrt:msilexit.obj
 0003:00006b30       _initializeLock_gettimeofday 10034b30     * CIL library *:* CIL module *
 0003:00006b34       ?_haveInitializedWinsock@?1??initializeWinsockIfNecessary@@9@9 10034b34     * CIL library *:* CIL module *
 0003:00007740       _allocator_arg             10035740     * CIL library *:* CIL module *
 0003:00007741       _piecewise_construct       10035741     * CIL library *:* CIL module *
 0003:00007742       __Tuple_alloc              10035742     * CIL library *:* CIL module *
 0003:00007743       _ignore                    10035743     * CIL library *:* CIL module *
 0003:00007744       _DELAY_HOUR                10035744     * CIL library *:* CIL module *
 0003:0000774c       _DELAY_MINUTE              1003574c     * CIL library *:* CIL module *
 0003:0000775c       _DELAY_DAY                 1003575c     * CIL library *:* CIL module *
 0003:00007764       _DELAY_HOUR                10035764     * CIL library *:* CIL module *
 0003:0000776c       _DELAY_MINUTE              1003576c     * CIL library *:* CIL module *
 0003:00007774       _allocator_arg             10035774     * CIL library *:* CIL module *
 0003:00007775       _piecewise_construct       10035775     * CIL library *:* CIL module *
 0003:00007776       __Tuple_alloc              10035776     * CIL library *:* CIL module *
 0003:00007777       _ignore                    10035777     * CIL library *:* CIL module *
 0003:00007778       _DELAY_DAY                 10035778     * CIL library *:* CIL module *
 0003:00007780       _DELAY_HOUR                10035780     * CIL library *:* CIL module *
 0003:00007788       _DELAY_MINUTE              10035788     * CIL library *:* CIL module *
 0003:00007790       _allocator_arg             10035790     * CIL library *:* CIL module *
 0003:00007791       _piecewise_construct       10035791     * CIL library *:* CIL module *
 0003:00007792       _allocator_arg             10035792     * CIL library *:* CIL module *
 0003:00007793       _piecewise_construct       10035793     * CIL library *:* CIL module *
 0003:00007794       _DELAY_DAY                 10035794     * CIL library *:* CIL module *
 0003:0000779c       _DELAY_HOUR                1003579c     * CIL library *:* CIL module *
 0003:000077a4       _DELAY_MINUTE              100357a4     * CIL library *:* CIL module *
 0003:000077ac       _DELAY_DAY                 100357ac     * CIL library *:* CIL module *
 0003:000077b4       _DELAY_HOUR                100357b4     * CIL library *:* CIL module *
 0003:000077bc       _DELAY_MINUTE              100357bc     * CIL library *:* CIL module *
 0003:000077c4       _DELAY_DAY                 100357c4     * CIL library *:* CIL module *
 0003:000077cc       _DELAY_HOUR                100357cc     * CIL library *:* CIL module *
 0003:000077d4       _DELAY_MINUTE              100357d4     * CIL library *:* CIL module *
 0003:000077dc       _DELAY_DAY                 100357dc     * CIL library *:* CIL module *
 0003:000077e4       _DELAY_HOUR                100357e4     * CIL library *:* CIL module *
 0003:000077ec       _DELAY_MINUTE              100357ec     * CIL library *:* CIL module *
 0003:000077f4       _DELAY_DAY                 100357f4     * CIL library *:* CIL module *
 0003:00007820       _base64DecodeTable         10035820     * CIL library *:* CIL module *
 0003:00007920       ?isInitialized@?1??gettimeofday@@YAHPAUtimeval@@PAH@Z@4_NA 10035920     * CIL library *:* CIL module *
 0003:00007924       ?ourAddress@?1??ourIPAddress@@YAIAAVUsageEnvironment@@@Z@4IA 10035924     * CIL library *:* CIL module *
 0003:00007928       ?haveInitedBase64DecodeTable@?1??base64Decode@@YAPAEPBDAAI_N@Z@4_NA 10035928     * CIL library *:* CIL module *
 0003:00007929       ?doneInit@?1???0MP3FrameParams@@QAE@XZ@4_NA 10035929     * CIL library *:* CIL module *
 0003:00007934       ?timeString@?1??timestampString@@YAPBDXZ@4PADA 10035934     * CIL library *:* CIL module *
 0003:00007940       ?epochOffset@?1??gettimeofday@@YAHPAUtimeval@@PAH@Z@4T_LARGE_INTEGER@@A 10035940     * CIL library *:* CIL module *
 0003:00007948       ?tickFrequency@?1??gettimeofday@@YAHPAUtimeval@@PAH@Z@4T_LARGE_INTEGER@@A 10035948     * CIL library *:* CIL module *
 0004:000000a0       $R000000                   100360a0     odm.player.net.res
 0004:00000378       $R0002D8                   10036378     odm.player.net.res
